11:58:28 **** Build of project lab5_bsp ****
make -k all 
"Running Make include in ps7_cortexa9_0/libsrc/bram_v4_1/src"
make -C ps7_cortexa9_0/libsrc/bram_v4_1/src -s include  "SHELL=CMD" "COMPILER=arm-none-eabi-gcc" "ARCHIVER=arm-none-eabi-ar" "COMPILER_FLAGS=  -O2 -c" "EXTRA_COMPILER_FLAGS=-mcpu=cortex-a9 -mfpu=vfpv3 -mfloat-abi=hard -nostartfiles"
"Running Make include in ps7_cortexa9_0/libsrc/coresightps_dcc_v1_2/src"
make -C ps7_cortexa9_0/libsrc/coresightps_dcc_v1_2/src -s include  "SHELL=CMD" "COMPILER=arm-none-eabi-gcc" "ARCHIVER=arm-none-eabi-ar" "COMPILER_FLAGS=  -O2 -c" "EXTRA_COMPILER_FLAGS=-mcpu=cortex-a9 -mfpu=vfpv3 -mfloat-abi=hard -nostartfiles"
"Running Make include in ps7_cortexa9_0/libsrc/cpu_cortexa9_v2_2/src"
make -C ps7_cortexa9_0/libsrc/cpu_cortexa9_v2_2/src -s include  "SHELL=CMD" "COMPILER=arm-none-eabi-gcc" "ARCHIVER=arm-none-eabi-ar" "COMPILER_FLAGS=  -O2 -c" "EXTRA_COMPILER_FLAGS=-mcpu=cortex-a9 -mfpu=vfpv3 -mfloat-abi=hard -nostartfiles"
"Running Make include in ps7_cortexa9_0/libsrc/ddrps_v1_0/src"
make -C ps7_cortexa9_0/libsrc/ddrps_v1_0/src -s include  "SHELL=CMD" "COMPILER=arm-none-eabi-gcc" "ARCHIVER=arm-none-eabi-ar" "COMPILER_FLAGS=  -O2 -c" "EXTRA_COMPILER_FLAGS=-mcpu=cortex-a9 -mfpu=vfpv3 -mfloat-abi=hard -nostartfiles"
"Running Make include in ps7_cortexa9_0/libsrc/devcfg_v3_4/src"
make -C ps7_cortexa9_0/libsrc/devcfg_v3_4/src -s include  "SHELL=CMD" "COMPILER=arm-none-eabi-gcc" "ARCHIVER=arm-none-eabi-ar" "COMPILER_FLAGS=  -O2 -c" "EXTRA_COMPILER_FLAGS=-mcpu=cortex-a9 -mfpu=vfpv3 -mfloat-abi=hard -nostartfiles"
"Running Make include in ps7_cortexa9_0/libsrc/dmaps_v2_1/src"
make -C ps7_cortexa9_0/libsrc/dmaps_v2_1/src -s include  "SHELL=CMD" "COMPILER=arm-none-eabi-gcc" "ARCHIVER=arm-none-eabi-ar" "COMPILER_FLAGS=  -O2 -c" "EXTRA_COMPILER_FLAGS=-mcpu=cortex-a9 -mfpu=vfpv3 -mfloat-abi=hard -nostartfiles"
"Running Make include in ps7_cortexa9_0/libsrc/gpio_v4_1/src"
make -C ps7_cortexa9_0/libsrc/gpio_v4_1/src -s include  "SHELL=CMD" "COMPILER=arm-none-eabi-gcc" "ARCHIVER=arm-none-eabi-ar" "COMPILER_FLAGS=  -O2 -c" "EXTRA_COMPILER_FLAGS=-mcpu=cortex-a9 -mfpu=vfpv3 -mfloat-abi=hard -nostartfiles"
"Running Make include in ps7_cortexa9_0/libsrc/led_ip_v1_0/src"
make -C ps7_cortexa9_0/libsrc/led_ip_v1_0/src -s include  "SHELL=CMD" "COMPILER=arm-none-eabi-gcc" "ARCHIVER=arm-none-eabi-ar" "COMPILER_FLAGS=  -O2 -c" "EXTRA_COMPILER_FLAGS=-mcpu=cortex-a9 -mfpu=vfpv3 -mfloat-abi=hard -nostartfiles"
"Running Make include in ps7_cortexa9_0/libsrc/scugic_v3_3/src"
make -C ps7_cortexa9_0/libsrc/scugic_v3_3/src -s include  "SHELL=CMD" "COMPILER=arm-none-eabi-gcc" "ARCHIVER=arm-none-eabi-ar" "COMPILER_FLAGS=  -O2 -c" "EXTRA_COMPILER_FLAGS=-mcpu=cortex-a9 -mfpu=vfpv3 -mfloat-abi=hard -nostartfiles"
"Running Make include in ps7_cortexa9_0/libsrc/scutimer_v2_1/src"
make -C ps7_cortexa9_0/libsrc/scutimer_v2_1/src -s include  "SHELL=CMD" "COMPILER=arm-none-eabi-gcc" "ARCHIVER=arm-none-eabi-ar" "COMPILER_FLAGS=  -O2 -c" "EXTRA_COMPILER_FLAGS=-mcpu=cortex-a9 -mfpu=vfpv3 -mfloat-abi=hard -nostartfiles"
"Running Make include in ps7_cortexa9_0/libsrc/scuwdt_v2_1/src"
make -C ps7_cortexa9_0/libsrc/scuwdt_v2_1/src -s include  "SHELL=CMD" "COMPILER=arm-none-eabi-gcc" "ARCHIVER=arm-none-eabi-ar" "COMPILER_FLAGS=  -O2 -c" "EXTRA_COMPILER_FLAGS=-mcpu=cortex-a9 -mfpu=vfpv3 -mfloat-abi=hard -nostartfiles"
"Running Make include in ps7_cortexa9_0/libsrc/standalone_v5_5/src"
make -C ps7_cortexa9_0/libsrc/standalone_v5_5/src -s include  "SHELL=CMD" "COMPILER=arm-none-eabi-gcc" "ARCHIVER=arm-none-eabi-ar" "COMPILER_FLAGS=  -O2 -c" "EXTRA_COMPILER_FLAGS=-mcpu=cortex-a9 -mfpu=vfpv3 -mfloat-abi=hard -nostartfiles"
"Running Make include in ps7_cortexa9_0/libsrc/uartps_v3_1/src"
make -C ps7_cortexa9_0/libsrc/uartps_v3_1/src -s include  "SHELL=CMD" "COMPILER=arm-none-eabi-gcc" "ARCHIVER=arm-none-eabi-ar" "COMPILER_FLAGS=  -O2 -c" "EXTRA_COMPILER_FLAGS=-mcpu=cortex-a9 -mfpu=vfpv3 -mfloat-abi=hard -nostartfiles"
"Running Make include in ps7_cortexa9_0/libsrc/xadcps_v2_2/src"
make -C ps7_cortexa9_0/libsrc/xadcps_v2_2/src -s include  "SHELL=CMD" "COMPILER=arm-none-eabi-gcc" "ARCHIVER=arm-none-eabi-ar" "COMPILER_FLAGS=  -O2 -c" "EXTRA_COMPILER_FLAGS=-mcpu=cortex-a9 -mfpu=vfpv3 -mfloat-abi=hard -nostartfiles"
"Running Make libs in ps7_cortexa9_0/libsrc/bram_v4_1/src"
make -C ps7_cortexa9_0/libsrc/bram_v4_1/src -s libs  "SHELL=CMD" "COMPILER=arm-none-eabi-gcc" "ARCHIVER=arm-none-eabi-ar" "COMPILER_FLAGS=  -O2 -c" "EXTRA_COMPILER_FLAGS=-mcpu=cortex-a9 -mfpu=vfpv3 -mfloat-abi=hard -nostartfiles"
"Compiling bram"
arm-none-eabi-ar: creating ../../../lib/libxil.a
"Running Make libs in ps7_cortexa9_0/libsrc/coresightps_dcc_v1_2/src"
make -C ps7_cortexa9_0/libsrc/coresightps_dcc_v1_2/src -s libs  "SHELL=CMD" "COMPILER=arm-none-eabi-gcc" "ARCHIVER=arm-none-eabi-ar" "COMPILER_FLAGS=  -O2 -c" "EXTRA_COMPILER_FLAGS=-mcpu=cortex-a9 -mfpu=vfpv3 -mfloat-abi=hard -nostartfiles"
"Compiling coresightps_dcc"
"Running Make libs in ps7_cortexa9_0/libsrc/cpu_cortexa9_v2_2/src"
make -C ps7_cortexa9_0/libsrc/cpu_cortexa9_v2_2/src -s libs  "SHELL=CMD" "COMPILER=arm-none-eabi-gcc" "ARCHIVER=arm-none-eabi-ar" "COMPILER_FLAGS=  -O2 -c" "EXTRA_COMPILER_FLAGS=-mcpu=cortex-a9 -mfpu=vfpv3 -mfloat-abi=hard -nostartfiles"
"Compiling cpu_cortexa9"
"Running Make libs in ps7_cortexa9_0/libsrc/ddrps_v1_0/src"
make -C ps7_cortexa9_0/libsrc/ddrps_v1_0/src -s libs  "SHELL=CMD" "COMPILER=arm-none-eabi-gcc" "ARCHIVER=arm-none-eabi-ar" "COMPILER_FLAGS=  -O2 -c" "EXTRA_COMPILER_FLAGS=-mcpu=cortex-a9 -mfpu=vfpv3 -mfloat-abi=hard -nostartfiles"
"Compiling ddrps"
"Running Make libs in ps7_cortexa9_0/libsrc/devcfg_v3_4/src"
make -C ps7_cortexa9_0/libsrc/devcfg_v3_4/src -s libs  "SHELL=CMD" "COMPILER=arm-none-eabi-gcc" "ARCHIVER=arm-none-eabi-ar" "COMPILER_FLAGS=  -O2 -c" "EXTRA_COMPILER_FLAGS=-mcpu=cortex-a9 -mfpu=vfpv3 -mfloat-abi=hard -nostartfiles"
"Compiling devcfg"
"Running Make libs in ps7_cortexa9_0/libsrc/dmaps_v2_1/src"
make -C ps7_cortexa9_0/libsrc/dmaps_v2_1/src -s libs  "SHELL=CMD" "COMPILER=arm-none-eabi-gcc" "ARCHIVER=arm-none-eabi-ar" "COMPILER_FLAGS=  -O2 -c" "EXTRA_COMPILER_FLAGS=-mcpu=cortex-a9 -mfpu=vfpv3 -mfloat-abi=hard -nostartfiles"
"Compiling dmaps"
"Running Make libs in ps7_cortexa9_0/libsrc/gpio_v4_1/src"
make -C ps7_cortexa9_0/libsrc/gpio_v4_1/src -s libs  "SHELL=CMD" "COMPILER=arm-none-eabi-gcc" "ARCHIVER=arm-none-eabi-ar" "COMPILER_FLAGS=  -O2 -c" "EXTRA_COMPILER_FLAGS=-mcpu=cortex-a9 -mfpu=vfpv3 -mfloat-abi=hard -nostartfiles"
"Compiling gpio"
"Running Make libs in ps7_cortexa9_0/libsrc/led_ip_v1_0/src"
make -C ps7_cortexa9_0/libsrc/led_ip_v1_0/src -s libs  "SHELL=CMD" "COMPILER=arm-none-eabi-gcc" "ARCHIVER=arm-none-eabi-ar" "COMPILER_FLAGS=  -O2 -c" "EXTRA_COMPILER_FLAGS=-mcpu=cortex-a9 -mfpu=vfpv3 -mfloat-abi=hard -nostartfiles"
"Compiling led_ip..."
"Running Make libs in ps7_cortexa9_0/libsrc/scugic_v3_3/src"
make -C ps7_cortexa9_0/libsrc/scugic_v3_3/src -s libs  "SHELL=CMD" "COMPILER=arm-none-eabi-gcc" "ARCHIVER=arm-none-eabi-ar" "COMPILER_FLAGS=  -O2 -c" "EXTRA_COMPILER_FLAGS=-mcpu=cortex-a9 -mfpu=vfpv3 -mfloat-abi=hard -nostartfiles"
"Compiling scugic"
"Running Make libs in ps7_cortexa9_0/libsrc/scutimer_v2_1/src"
make -C ps7_cortexa9_0/libsrc/scutimer_v2_1/src -s libs  "SHELL=CMD" "COMPILER=arm-none-eabi-gcc" "ARCHIVER=arm-none-eabi-ar" "COMPILER_FLAGS=  -O2 -c" "EXTRA_COMPILER_FLAGS=-mcpu=cortex-a9 -mfpu=vfpv3 -mfloat-abi=hard -nostartfiles"
"Compiling scutimer"
"Running Make libs in ps7_cortexa9_0/libsrc/scuwdt_v2_1/src"
make -C ps7_cortexa9_0/libsrc/scuwdt_v2_1/src -s libs  "SHELL=CMD" "COMPILER=arm-none-eabi-gcc" "ARCHIVER=arm-none-eabi-ar" "COMPILER_FLAGS=  -O2 -c" "EXTRA_COMPILER_FLAGS=-mcpu=cortex-a9 -mfpu=vfpv3 -mfloat-abi=hard -nostartfiles"
"Compiling scuwdt"
"Running Make libs in ps7_cortexa9_0/libsrc/standalone_v5_5/src"
make -C ps7_cortexa9_0/libsrc/standalone_v5_5/src -s libs  "SHELL=CMD" "COMPILER=arm-none-eabi-gcc" "ARCHIVER=arm-none-eabi-ar" "COMPILER_FLAGS=  -O2 -c" "EXTRA_COMPILER_FLAGS=-mcpu=cortex-a9 -mfpu=vfpv3 -mfloat-abi=hard -nostartfiles"
"Compiling standalone"
"Running Make libs in ps7_cortexa9_0/libsrc/uartps_v3_1/src"
make -C ps7_cortexa9_0/libsrc/uartps_v3_1/src -s libs  "SHELL=CMD" "COMPILER=arm-none-eabi-gcc" "ARCHIVER=arm-none-eabi-ar" "COMPILER_FLAGS=  -O2 -c" "EXTRA_COMPILER_FLAGS=-mcpu=cortex-a9 -mfpu=vfpv3 -mfloat-abi=hard -nostartfiles"
"Compiling uartps"
"Running Make libs in ps7_cortexa9_0/libsrc/xadcps_v2_2/src"
make -C ps7_cortexa9_0/libsrc/xadcps_v2_2/src -s libs  "SHELL=CMD" "COMPILER=arm-none-eabi-gcc" "ARCHIVER=arm-none-eabi-ar" "COMPILER_FLAGS=  -O2 -c" "EXTRA_COMPILER_FLAGS=-mcpu=cortex-a9 -mfpu=vfpv3 -mfloat-abi=hard -nostartfiles"
"Compiling xadcps"
'Finished building libraries'

**** Build of configuration Debug for project lab5 ****

Nothing to build for project lab5
11:59:12 **** Auto Build of configuration Debug for project lab5 ****
make pre-build main-build 
a9-linaro-pre-build-step
' '
'Building file: ../src/lab5.c'
'Invoking: ARM v7 gcc compiler'
arm-none-eabi-gcc -Wall -O0 -g3 -c -fmessage-length=0 -MT"src/lab5.o" -mcpu=cortex-a9 -mfpu=vfpv3 -mfloat-abi=hard -I../../lab5_bsp/ps7_cortexa9_0/include -MMD -MP -MF"src/lab5.d" -MT"src/lab5.o" -o "src/lab5.o" "../src/lab5.c"
../src/lab5.c:7:1: error: unknown type name 'XScuTimer'
 XScuTimer Timer;  /* Cortex A9 SCU Private Timer Instance */
 ^
../src/lab5.c: In function 'main':
../src/lab5.c:18:4: error: unknown type name 'XScuTimer_Config'
    XScuTimer_Config *ConfigPtr;
    ^
../src/lab5.c:19:4: error: unknown type name 'XScuTimer'
    XScuTimer *TimerInstancePtr = &Timer;
    ^
../src/lab5.c:48:5: warning: implicit declaration of function 'XScuTimer_Stop' [-Wimplicit-function-declaration]
     XScuTimer_Stop(TimerInstancePtr);
     ^
../src/lab5.c:59:4: warning: implicit declaration of function 'XScuTimer_IsExpired' [-Wimplicit-function-declaration]
    if(XScuTimer_IsExpired(TimerInstancePtr)) {
    ^
../src/lab5.c:18:22: warning: unused variable 'ConfigPtr' [-Wunused-variable]
    XScuTimer_Config *ConfigPtr;
                      ^
../src/lab5.c:15:53: warning: unused variable 'Status' [-Wunused-variable]
    int psb_check, dip_check, dip_check_prev, count, Status;
                                                     ^
../src/lab5.c:15:46: warning: variable 'count' set but not used [-Wunused-but-set-variable]
    int psb_check, dip_check, dip_check_prev, count, Status;
                                              ^
make: *** [src/lab5.o] Error 1
12:01:43 **** Auto Build of configuration Debug for project lab5 ****
make pre-build main-build 
a9-linaro-pre-build-step
' '
'Building file: ../src/lab5.c'
'Invoking: ARM v7 gcc compiler'
arm-none-eabi-gcc -Wall -O0 -g3 -c -fmessage-length=0 -MT"src/lab5.o" -mcpu=cortex-a9 -mfpu=vfpv3 -mfloat-abi=hard -I../../lab5_bsp/ps7_cortexa9_0/include -MMD -MP -MF"src/lab5.d" -MT"src/lab5.o" -o "src/lab5.o" "../src/lab5.c"
../src/lab5.c: In function 'main':
../src/lab5.c:18:22: warning: unused variable 'ConfigPtr' [-Wunused-variable]
    XScuTimer_Config *ConfigPtr;
                      ^
../src/lab5.c:15:53: warning: unused variable 'Status' [-Wunused-variable]
    int psb_check, dip_check, dip_check_prev, count, Status;
                                                     ^
../src/lab5.c:15:46: warning: variable 'count' set but not used [-Wunused-but-set-variable]
    int psb_check, dip_check, dip_check_prev, count, Status;
                                              ^
'Finished building: ../src/lab5.c'
' '
'Building target: lab5.elf'
'Invoking: ARM v7 gcc linker'
arm-none-eabi-gcc -mcpu=cortex-a9 -mfpu=vfpv3 -mfloat-abi=hard -Wl,-build-id=none -specs=Xilinx.spec -Wl,-T -Wl,../src/lscript.ld -L../../lab5_bsp/ps7_cortexa9_0/lib -o "lab5.elf"  ./src/lab5.o   -Wl,--start-group,-lxil,-lgcc,-lc,--end-group
'Finished building target: lab5.elf'
' '
'Invoking: ARM v7 Print Size'
arm-none-eabi-size lab5.elf  |tee "lab5.elf.size"
   text	   data	    bss	    dec	    hex	filename
  24840	   1184	  22596	  48620	   bdec	lab5.elf
'Finished building: lab5.elf.size'
' '
12:02:36 **** Auto Build of configuration Debug for project lab5 ****
make pre-build main-build 
a9-linaro-pre-build-step
' '
'Building file: ../src/lab5.c'
'Invoking: ARM v7 gcc compiler'
arm-none-eabi-gcc -Wall -O0 -g3 -c -fmessage-length=0 -MT"src/lab5.o" -mcpu=cortex-a9 -mfpu=vfpv3 -mfloat-abi=hard -I../../lab5_bsp/ps7_cortexa9_0/include -MMD -MP -MF"src/lab5.d" -MT"src/lab5.o" -o "src/lab5.o" "../src/lab5.c"
../src/lab5.c: In function 'main':
../src/lab5.c:32:4: warning: implicit declaration of function 'XScu_Timer_CfgInitialize' [-Wimplicit-function-declaration]
    XScu_Timer_CfgInitialize();
    ^
../src/lab5.c:18:22: warning: unused variable 'ConfigPtr' [-Wunused-variable]
    XScuTimer_Config *ConfigPtr;
                      ^
../src/lab5.c:15:53: warning: unused variable 'Status' [-Wunused-variable]
    int psb_check, dip_check, dip_check_prev, count, Status;
                                                     ^
../src/lab5.c:15:46: warning: variable 'count' set but not used [-Wunused-but-set-variable]
    int psb_check, dip_check, dip_check_prev, count, Status;
                                              ^
'Finished building: ../src/lab5.c'
' '
'Building target: lab5.elf'
'Invoking: ARM v7 gcc linker'
arm-none-eabi-gcc -mcpu=cortex-a9 -mfpu=vfpv3 -mfloat-abi=hard -Wl,-build-id=none -specs=Xilinx.spec -Wl,-T -Wl,../src/lscript.ld -L../../lab5_bsp/ps7_cortexa9_0/lib -o "lab5.elf"  ./src/lab5.o   -Wl,--start-group,-lxil,-lgcc,-lc,--end-group
./src/lab5.o: In function `main':
D:\ECE\ECE530\XUP\embedded\2015_2_zynq_labs\lab5\lab5.sdk\lab5\Debug/../src/lab5.c:32: undefined reference to `XScu_Timer_CfgInitialize'
collect2.exe: error: ld returned 1 exit status
make: *** [lab5.elf] Error 1
12:04:01 **** Auto Build of configuration Debug for project lab5 ****
make pre-build main-build 
a9-linaro-pre-build-step
' '
'Building file: ../src/lab5.c'
'Invoking: ARM v7 gcc compiler'
arm-none-eabi-gcc -Wall -O0 -g3 -c -fmessage-length=0 -MT"src/lab5.o" -mcpu=cortex-a9 -mfpu=vfpv3 -mfloat-abi=hard -I../../lab5_bsp/ps7_cortexa9_0/include -MMD -MP -MF"src/lab5.d" -MT"src/lab5.o" -o "src/lab5.o" "../src/lab5.c"
../src/lab5.c: In function 'main':
../src/lab5.c:32:4: warning: implicit declaration of function 'XScu_Timer_CfgInitialize' [-Wimplicit-function-declaration]
    XScu_Timer_CfgInitialize(Timer, ConfigPtr);
    ^
../src/lab5.c:15:53: warning: unused variable 'Status' [-Wunused-variable]
    int psb_check, dip_check, dip_check_prev, count, Status;
                                                     ^
../src/lab5.c:15:46: warning: variable 'count' set but not used [-Wunused-but-set-variable]
    int psb_check, dip_check, dip_check_prev, count, Status;
                                              ^
../src/lab5.c:32:4: warning: 'ConfigPtr' is used uninitialized in this function [-Wuninitialized]
    XScu_Timer_CfgInitialize(Timer, ConfigPtr);
    ^
'Finished building: ../src/lab5.c'
' '
'Building target: lab5.elf'
'Invoking: ARM v7 gcc linker'
arm-none-eabi-gcc -mcpu=cortex-a9 -mfpu=vfpv3 -mfloat-abi=hard -Wl,-build-id=none -specs=Xilinx.spec -Wl,-T -Wl,../src/lscript.ld -L../../lab5_bsp/ps7_cortexa9_0/lib -o "lab5.elf"  ./src/lab5.o   -Wl,--start-group,-lxil,-lgcc,-lc,--end-group
./src/lab5.o: In function `main':
D:\ECE\ECE530\XUP\embedded\2015_2_zynq_labs\lab5\lab5.sdk\lab5\Debug/../src/lab5.c:32: undefined reference to `XScu_Timer_CfgInitialize'
collect2.exe: error: ld returned 1 exit status
make: *** [lab5.elf] Error 1
12:05:38 **** Auto Build of configuration Debug for project lab5 ****
make pre-build main-build 
a9-linaro-pre-build-step
' '
'Building file: ../src/lab5.c'
'Invoking: ARM v7 gcc compiler'
arm-none-eabi-gcc -Wall -O0 -g3 -c -fmessage-length=0 -MT"src/lab5.o" -mcpu=cortex-a9 -mfpu=vfpv3 -mfloat-abi=hard -I../../lab5_bsp/ps7_cortexa9_0/include -MMD -MP -MF"src/lab5.d" -MT"src/lab5.o" -o "src/lab5.o" "../src/lab5.c"
../src/lab5.c: In function 'main':
../src/lab5.c:32:4: warning: implicit declaration of function 'XScu_Timer_CfgInitialize' [-Wimplicit-function-declaration]
    XScu_Timer_CfgInitialize(Timer, ConfigPtr, XPAR_PS7_SCUTIMER_0_BASEADDR);
    ^
../src/lab5.c:15:53: warning: unused variable 'Status' [-Wunused-variable]
    int psb_check, dip_check, dip_check_prev, count, Status;
                                                     ^
../src/lab5.c:15:46: warning: variable 'count' set but not used [-Wunused-but-set-variable]
    int psb_check, dip_check, dip_check_prev, count, Status;
                                              ^
../src/lab5.c:32:4: warning: 'ConfigPtr' is used uninitialized in this function [-Wuninitialized]
    XScu_Timer_CfgInitialize(Timer, ConfigPtr, XPAR_PS7_SCUTIMER_0_BASEADDR);
    ^
'Finished building: ../src/lab5.c'
' '
'Building target: lab5.elf'
'Invoking: ARM v7 gcc linker'
arm-none-eabi-gcc -mcpu=cortex-a9 -mfpu=vfpv3 -mfloat-abi=hard -Wl,-build-id=none -specs=Xilinx.spec -Wl,-T -Wl,../src/lscript.ld -L../../lab5_bsp/ps7_cortexa9_0/lib -o "lab5.elf"  ./src/lab5.o   -Wl,--start-group,-lxil,-lgcc,-lc,--end-group
./src/lab5.o: In function `main':
D:\ECE\ECE530\XUP\embedded\2015_2_zynq_labs\lab5\lab5.sdk\lab5\Debug/../src/lab5.c:32: undefined reference to `XScu_Timer_CfgInitialize'
collect2.exe: error: ld returned 1 exit status
make: *** [lab5.elf] Error 1
12:05:55 **** Auto Build of configuration Debug for project lab5 ****
make pre-build main-build 
a9-linaro-pre-build-step
' '
'Building file: ../src/lab5.c'
'Invoking: ARM v7 gcc compiler'
arm-none-eabi-gcc -Wall -O0 -g3 -c -fmessage-length=0 -MT"src/lab5.o" -mcpu=cortex-a9 -mfpu=vfpv3 -mfloat-abi=hard -I../../lab5_bsp/ps7_cortexa9_0/include -MMD -MP -MF"src/lab5.d" -MT"src/lab5.o" -o "src/lab5.o" "../src/lab5.c"
../src/lab5.c: In function 'main':
../src/lab5.c:32:4: error: incompatible type for argument 1 of 'XScuTimer_CfgInitialize'
    XScuTimer_CfgInitialize(Timer, ConfigPtr, XPAR_PS7_SCUTIMER_0_BASEADDR);
    ^
In file included from ../src/lab5.c:4:0:
../../lab5_bsp/ps7_cortexa9_0/include/xscutimer.h:354:5: note: expected 'struct XScuTimer *' but argument is of type 'XScuTimer'
 s32 XScuTimer_CfgInitialize(XScuTimer *InstancePtr,
     ^
../src/lab5.c:15:53: warning: unused variable 'Status' [-Wunused-variable]
    int psb_check, dip_check, dip_check_prev, count, Status;
                                                     ^
../src/lab5.c:15:46: warning: variable 'count' set but not used [-Wunused-but-set-variable]
    int psb_check, dip_check, dip_check_prev, count, Status;
                                              ^
make: *** [src/lab5.o] Error 1
12:06:15 **** Auto Build of configuration Debug for project lab5 ****
make pre-build main-build 
a9-linaro-pre-build-step
' '
'Building file: ../src/lab5.c'
'Invoking: ARM v7 gcc compiler'
arm-none-eabi-gcc -Wall -O0 -g3 -c -fmessage-length=0 -MT"src/lab5.o" -mcpu=cortex-a9 -mfpu=vfpv3 -mfloat-abi=hard -I../../lab5_bsp/ps7_cortexa9_0/include -MMD -MP -MF"src/lab5.d" -MT"src/lab5.o" -o "src/lab5.o" "../src/lab5.c"
../src/lab5.c: In function 'main':
../src/lab5.c:15:53: warning: unused variable 'Status' [-Wunused-variable]
    int psb_check, dip_check, dip_check_prev, count, Status;
                                                     ^
../src/lab5.c:15:46: warning: variable 'count' set but not used [-Wunused-but-set-variable]
    int psb_check, dip_check, dip_check_prev, count, Status;
                                              ^
../src/lab5.c:32:4: warning: 'ConfigPtr' is used uninitialized in this function [-Wuninitialized]
    XScuTimer_CfgInitialize(&Timer, ConfigPtr, XPAR_PS7_SCUTIMER_0_BASEADDR);
    ^
'Finished building: ../src/lab5.c'
' '
'Building target: lab5.elf'
'Invoking: ARM v7 gcc linker'
arm-none-eabi-gcc -mcpu=cortex-a9 -mfpu=vfpv3 -mfloat-abi=hard -Wl,-build-id=none -specs=Xilinx.spec -Wl,-T -Wl,../src/lscript.ld -L../../lab5_bsp/ps7_cortexa9_0/lib -o "lab5.elf"  ./src/lab5.o   -Wl,--start-group,-lxil,-lgcc,-lc,--end-group
'Finished building target: lab5.elf'
' '
'Invoking: ARM v7 Print Size'
arm-none-eabi-size lab5.elf  |tee "lab5.elf.size"
   text	   data	    bss	    dec	    hex	filename
  24840	   1184	  22596	  48620	   bdec	lab5.elf
'Finished building: lab5.elf.size'
' '
12:09:51 **** Auto Build of configuration Debug for project lab5 ****
make pre-build main-build 
a9-linaro-pre-build-step
' '
'Building file: ../src/lab5.c'
'Invoking: ARM v7 gcc compiler'
arm-none-eabi-gcc -Wall -O0 -g3 -c -fmessage-length=0 -MT"src/lab5.o" -mcpu=cortex-a9 -mfpu=vfpv3 -mfloat-abi=hard -I../../lab5_bsp/ps7_cortexa9_0/include -MMD -MP -MF"src/lab5.d" -MT"src/lab5.o" -o "src/lab5.o" "../src/lab5.c"
../src/lab5.c: In function 'main':
../src/lab5.c:15:53: warning: unused variable 'Status' [-Wunused-variable]
    int psb_check, dip_check, dip_check_prev, count, Status;
                                                     ^
../src/lab5.c:15:46: warning: variable 'count' set but not used [-Wunused-but-set-variable]
    int psb_check, dip_check, dip_check_prev, count, Status;
                                              ^
../src/lab5.c:32:4: warning: 'ConfigPtr' is used uninitialized in this function [-Wuninitialized]
    XScuTimer_CfgInitialize(&Timer, ConfigPtr, XPAR_PS7_SCUTIMER_0_BASEADDR);
    ^
'Finished building: ../src/lab5.c'
' '
'Building target: lab5.elf'
'Invoking: ARM v7 gcc linker'
arm-none-eabi-gcc -mcpu=cortex-a9 -mfpu=vfpv3 -mfloat-abi=hard -Wl,-build-id=none -specs=Xilinx.spec -Wl,-T -Wl,../src/lscript.ld -L../../lab5_bsp/ps7_cortexa9_0/lib -o "lab5.elf"  ./src/lab5.o   -Wl,--start-group,-lxil,-lgcc,-lc,--end-group
'Finished building target: lab5.elf'
' '
'Invoking: ARM v7 Print Size'
arm-none-eabi-size lab5.elf  |tee "lab5.elf.size"
   text	   data	    bss	    dec	    hex	filename
  24968	   1184	  22596	  48748	   be6c	lab5.elf
'Finished building: lab5.elf.size'
' '
12:11:46 **** Auto Build of configuration Debug for project lab5 ****
make pre-build main-build 
a9-linaro-pre-build-step
' '
'Building file: ../src/lab5.c'
'Invoking: ARM v7 gcc compiler'
arm-none-eabi-gcc -Wall -O0 -g3 -c -fmessage-length=0 -MT"src/lab5.o" -mcpu=cortex-a9 -mfpu=vfpv3 -mfloat-abi=hard -I../../lab5_bsp/ps7_cortexa9_0/include -MMD -MP -MF"src/lab5.d" -MT"src/lab5.o" -o "src/lab5.o" "../src/lab5.c"
../src/lab5.c: In function 'main':
../src/lab5.c:32:38: error: invalid operands to binary * (have 'struct XScuTimer_Config * (*)(u16)' and 'int')
    ConfigPtr = XScuTimer_LookupConfig*(XPAR_PS7_SCUTIMER_0_DEVICE_ID);
                                      ^
../src/lab5.c:15:53: warning: unused variable 'Status' [-Wunused-variable]
    int psb_check, dip_check, dip_check_prev, count, Status;
                                                     ^
../src/lab5.c:15:46: warning: variable 'count' set but not used [-Wunused-but-set-variable]
    int psb_check, dip_check, dip_check_prev, count, Status;
                                              ^
make: *** [src/lab5.o] Error 1
12:12:16 **** Auto Build of configuration Debug for project lab5 ****
make pre-build main-build 
a9-linaro-pre-build-step
' '
'Building file: ../src/lab5.c'
'Invoking: ARM v7 gcc compiler'
arm-none-eabi-gcc -Wall -O0 -g3 -c -fmessage-length=0 -MT"src/lab5.o" -mcpu=cortex-a9 -mfpu=vfpv3 -mfloat-abi=hard -I../../lab5_bsp/ps7_cortexa9_0/include -MMD -MP -MF"src/lab5.d" -MT"src/lab5.o" -o "src/lab5.o" "../src/lab5.c"
../src/lab5.c: In function 'main':
../src/lab5.c:32:26: error: invalid operands to binary * (have 'struct XScuTimer_Config * (*)(u16)' and 'int')
    XScuTimer_LookupConfig*(XPAR_PS7_SCUTIMER_0_DEVICE_ID);
                          ^
../src/lab5.c:15:53: warning: unused variable 'Status' [-Wunused-variable]
    int psb_check, dip_check, dip_check_prev, count, Status;
                                                     ^
../src/lab5.c:15:46: warning: variable 'count' set but not used [-Wunused-but-set-variable]
    int psb_check, dip_check, dip_check_prev, count, Status;
                                              ^
make: *** [src/lab5.o] Error 1
12:12:24 **** Auto Build of configuration Debug for project lab5 ****
make pre-build main-build 
a9-linaro-pre-build-step
' '
'Building file: ../src/lab5.c'
'Invoking: ARM v7 gcc compiler'
arm-none-eabi-gcc -Wall -O0 -g3 -c -fmessage-length=0 -MT"src/lab5.o" -mcpu=cortex-a9 -mfpu=vfpv3 -mfloat-abi=hard -I../../lab5_bsp/ps7_cortexa9_0/include -MMD -MP -MF"src/lab5.d" -MT"src/lab5.o" -o "src/lab5.o" "../src/lab5.c"
../src/lab5.c: In function 'main':
../src/lab5.c:15:53: warning: unused variable 'Status' [-Wunused-variable]
    int psb_check, dip_check, dip_check_prev, count, Status;
                                                     ^
../src/lab5.c:15:46: warning: variable 'count' set but not used [-Wunused-but-set-variable]
    int psb_check, dip_check, dip_check_prev, count, Status;
                                              ^
../src/lab5.c:33:4: warning: 'ConfigPtr' is used uninitialized in this function [-Wuninitialized]
    XScuTimer_CfgInitialize(TimerInstancePtr, ConfigPtr, XPAR_PS7_SCUTIMER_0_BASEADDR);
    ^
'Finished building: ../src/lab5.c'
' '
'Building target: lab5.elf'
'Invoking: ARM v7 gcc linker'
arm-none-eabi-gcc -mcpu=cortex-a9 -mfpu=vfpv3 -mfloat-abi=hard -Wl,-build-id=none -specs=Xilinx.spec -Wl,-T -Wl,../src/lscript.ld -L../../lab5_bsp/ps7_cortexa9_0/lib -o "lab5.elf"  ./src/lab5.o   -Wl,--start-group,-lxil,-lgcc,-lc,--end-group
'Finished building target: lab5.elf'
' '
'Invoking: ARM v7 Print Size'
arm-none-eabi-size lab5.elf  |tee "lab5.elf.size"
   text	   data	    bss	    dec	    hex	filename
  24968	   1192	  22596	  48756	   be74	lab5.elf
'Finished building: lab5.elf.size'
' '
12:12:38 **** Auto Build of configuration Debug for project lab5 ****
make pre-build main-build 
a9-linaro-pre-build-step
' '
'Building file: ../src/lab5.c'
'Invoking: ARM v7 gcc compiler'
arm-none-eabi-gcc -Wall -O0 -g3 -c -fmessage-length=0 -MT"src/lab5.o" -mcpu=cortex-a9 -mfpu=vfpv3 -mfloat-abi=hard -I../../lab5_bsp/ps7_cortexa9_0/include -MMD -MP -MF"src/lab5.d" -MT"src/lab5.o" -o "src/lab5.o" "../src/lab5.c"
../src/lab5.c: In function 'main':
../src/lab5.c:15:53: warning: unused variable 'Status' [-Wunused-variable]
    int psb_check, dip_check, dip_check_prev, count, Status;
                                                     ^
../src/lab5.c:15:46: warning: variable 'count' set but not used [-Wunused-but-set-variable]
    int psb_check, dip_check, dip_check_prev, count, Status;
                                              ^
'Finished building: ../src/lab5.c'
' '
'Building target: lab5.elf'
'Invoking: ARM v7 gcc linker'
arm-none-eabi-gcc -mcpu=cortex-a9 -mfpu=vfpv3 -mfloat-abi=hard -Wl,-build-id=none -specs=Xilinx.spec -Wl,-T -Wl,../src/lscript.ld -L../../lab5_bsp/ps7_cortexa9_0/lib -o "lab5.elf"  ./src/lab5.o   -Wl,--start-group,-lxil,-lgcc,-lc,--end-group
'Finished building target: lab5.elf'
' '
'Invoking: ARM v7 Print Size'
arm-none-eabi-size lab5.elf  |tee "lab5.elf.size"
   text	   data	    bss	    dec	    hex	filename
  24968	   1192	  22596	  48756	   be74	lab5.elf
'Finished building: lab5.elf.size'
' '
12:14:10 **** Auto Build of configuration Debug for project lab5 ****
make pre-build main-build 
a9-linaro-pre-build-step
' '
'Building file: ../src/lab5.c'
'Invoking: ARM v7 gcc compiler'
arm-none-eabi-gcc -Wall -O0 -g3 -c -fmessage-length=0 -MT"src/lab5.o" -mcpu=cortex-a9 -mfpu=vfpv3 -mfloat-abi=hard -I../../lab5_bsp/ps7_cortexa9_0/include -MMD -MP -MF"src/lab5.d" -MT"src/lab5.o" -o "src/lab5.o" "../src/lab5.c"
../src/lab5.c: In function 'main':
../src/lab5.c:15:53: warning: unused variable 'Status' [-Wunused-variable]
    int psb_check, dip_check, dip_check_prev, count, Status;
                                                     ^
../src/lab5.c:15:46: warning: variable 'count' set but not used [-Wunused-but-set-variable]
    int psb_check, dip_check, dip_check_prev, count, Status;
                                              ^
'Finished building: ../src/lab5.c'
' '
'Building target: lab5.elf'
'Invoking: ARM v7 gcc linker'
arm-none-eabi-gcc -mcpu=cortex-a9 -mfpu=vfpv3 -mfloat-abi=hard -Wl,-build-id=none -specs=Xilinx.spec -Wl,-T -Wl,../src/lscript.ld -L../../lab5_bsp/ps7_cortexa9_0/lib -o "lab5.elf"  ./src/lab5.o   -Wl,--start-group,-lxil,-lgcc,-lc,--end-group
'Finished building target: lab5.elf'
' '
'Invoking: ARM v7 Print Size'
arm-none-eabi-size lab5.elf  |tee "lab5.elf.size"
   text	   data	    bss	    dec	    hex	filename
  25032	   1192	  22596	  48820	   beb4	lab5.elf
'Finished building: lab5.elf.size'
' '
12:15:38 **** Auto Build of configuration Debug for project lab5 ****
make pre-build main-build 
a9-linaro-pre-build-step
' '
'Building file: ../src/lab5.c'
'Invoking: ARM v7 gcc compiler'
arm-none-eabi-gcc -Wall -O0 -g3 -c -fmessage-length=0 -MT"src/lab5.o" -mcpu=cortex-a9 -mfpu=vfpv3 -mfloat-abi=hard -I../../lab5_bsp/ps7_cortexa9_0/include -MMD -MP -MF"src/lab5.d" -MT"src/lab5.o" -o "src/lab5.o" "../src/lab5.c"
../src/lab5.c: In function 'main':
../src/lab5.c:69:22: error: macro "LED_IP_mWriteReg" requires 3 arguments, but only 1 given
     LED_IP_mWriteReg();
                      ^
../src/lab5.c:69:5: error: 'LED_IP_mWriteReg' undeclared (first use in this function)
     LED_IP_mWriteReg();
     ^
../src/lab5.c:69:5: note: each undeclared identifier is reported only once for each function it appears in
../src/lab5.c:15:53: warning: unused variable 'Status' [-Wunused-variable]
    int psb_check, dip_check, dip_check_prev, count, Status;
                                                     ^
../src/lab5.c:15:46: warning: variable 'count' set but not used [-Wunused-but-set-variable]
    int psb_check, dip_check, dip_check_prev, count, Status;
                                              ^
make: *** [src/lab5.o] Error 1
12:17:15 **** Auto Build of configuration Debug for project lab5 ****
make pre-build main-build 
a9-linaro-pre-build-step
' '
'Building file: ../src/lab5.c'
'Invoking: ARM v7 gcc compiler'
arm-none-eabi-gcc -Wall -O0 -g3 -c -fmessage-length=0 -MT"src/lab5.o" -mcpu=cortex-a9 -mfpu=vfpv3 -mfloat-abi=hard -I../../lab5_bsp/ps7_cortexa9_0/include -MMD -MP -MF"src/lab5.d" -MT"src/lab5.o" -o "src/lab5.o" "../src/lab5.c"
../src/lab5.c: In function 'main':
../src/lab5.c:15:53: warning: unused variable 'Status' [-Wunused-variable]
    int psb_check, dip_check, dip_check_prev, count, Status;
                                                     ^
'Finished building: ../src/lab5.c'
' '
'Building target: lab5.elf'
'Invoking: ARM v7 gcc linker'
arm-none-eabi-gcc -mcpu=cortex-a9 -mfpu=vfpv3 -mfloat-abi=hard -Wl,-build-id=none -specs=Xilinx.spec -Wl,-T -Wl,../src/lscript.ld -L../../lab5_bsp/ps7_cortexa9_0/lib -o "lab5.elf"  ./src/lab5.o   -Wl,--start-group,-lxil,-lgcc,-lc,--end-group
'Finished building target: lab5.elf'
' '
'Invoking: ARM v7 Print Size'
arm-none-eabi-size lab5.elf  |tee "lab5.elf.size"
   text	   data	    bss	    dec	    hex	filename
  25096	   1192	  22596	  48884	   bef4	lab5.elf
'Finished building: lab5.elf.size'
' '
12:19:12 **** Auto Build of configuration Debug for project lab5 ****
make pre-build main-build 
a9-linaro-pre-build-step
' '
'Building file: ../src/lab5.c'
'Invoking: ARM v7 gcc compiler'
arm-none-eabi-gcc -Wall -O0 -g3 -c -fmessage-length=0 -MT"src/lab5.o" -mcpu=cortex-a9 -mfpu=vfpv3 -mfloat-abi=hard -I../../lab5_bsp/ps7_cortexa9_0/include -MMD -MP -MF"src/lab5.d" -MT"src/lab5.o" -o "src/lab5.o" "../src/lab5.c"
'Finished building: ../src/lab5.c'
' '
'Building target: lab5.elf'
'Invoking: ARM v7 gcc linker'
arm-none-eabi-gcc -mcpu=cortex-a9 -mfpu=vfpv3 -mfloat-abi=hard -Wl,-build-id=none -specs=Xilinx.spec -Wl,-T -Wl,../src/lscript.ld -L../../lab5_bsp/ps7_cortexa9_0/lib -o "lab5.elf"  ./src/lab5.o   -Wl,--start-group,-lxil,-lgcc,-lc,--end-group
'Finished building target: lab5.elf'
' '
'Invoking: ARM v7 Print Size'
arm-none-eabi-size lab5.elf  |tee "lab5.elf.size"
   text	   data	    bss	    dec	    hex	filename
  25180	   1192	  22596	  48968	   bf48	lab5.elf
'Finished building: lab5.elf.size'
' '
12:22:17 **** Clean-only build of configuration Debug for project lab5 ****
make clean 
rm -rf  ./src/lab5.o  ./src/lab5.d  lab5.elf.size  lab5.elf
' '
12:22:17 **** Incremental Build of configuration Debug for project lab5 ****
make pre-build main-build 
a9-linaro-pre-build-step
' '
'Building file: ../src/lab5.c'
'Invoking: ARM v7 gcc compiler'
arm-none-eabi-gcc -Wall -O0 -g3 -c -fmessage-length=0 -MT"src/lab5.o" -mcpu=cortex-a9 -mfpu=vfpv3 -mfloat-abi=hard -I../../lab5_bsp/ps7_cortexa9_0/include -MMD -MP -MF"src/lab5.d" -MT"src/lab5.o" -o "src/lab5.o" "../src/lab5.c"
'Finished building: ../src/lab5.c'
' '
'Building target: lab5.elf'
'Invoking: ARM v7 gcc linker'
arm-none-eabi-gcc -mcpu=cortex-a9 -mfpu=vfpv3 -mfloat-abi=hard -Wl,-build-id=none -specs=Xilinx.spec -Wl,-T -Wl,../src/lscript.ld -L../../lab5_bsp/ps7_cortexa9_0/lib -o "lab5.elf"  ./src/lab5.o   -Wl,--start-group,-lxil,-lgcc,-lc,--end-group
'Finished building target: lab5.elf'
' '
'Invoking: ARM v7 Print Size'
arm-none-eabi-size lab5.elf  |tee "lab5.elf.size"
   text	   data	    bss	    dec	    hex	filename
  25180	   1192	  22596	  48968	   bf48	lab5.elf
'Finished building: lab5.elf.size'
' '
12:26:16 **** Incremental Build of configuration Debug for project lab5 ****
make pre-build main-build 
a9-linaro-pre-build-step
' '
make: Nothing to be done for `main-build'.
12:27:18 **** Incremental Build of configuration Debug for project lab5 ****
make pre-build main-build 
a9-linaro-pre-build-step
' '
make: Nothing to be done for `main-build'.
12:33:35 **** Incremental Build of configuration Debug for project lab5 ****
make pre-build main-build 
a9-linaro-pre-build-step
' '
make: Nothing to be done for `main-build'.
12:58:45 **** Incremental Build of configuration Debug for project lab5 ****
make pre-build main-build 
a9-linaro-pre-build-step
' '
make: Nothing to be done for `main-build'.
13:01:15 **** Incremental Build of configuration Debug for project lab5 ****
make pre-build main-build 
a9-linaro-pre-build-step
' '
make: Nothing to be done for `main-build'.
13:01:32 **** Incremental Build of configuration Debug for project lab5 ****
make pre-build main-build 
a9-linaro-pre-build-step
' '
make: Nothing to be done for `main-build'.
15:41:31 **** Incremental Build of configuration Debug for project lab5 ****
make pre-build main-build 
a9-linaro-pre-build-step
' '
make: Nothing to be done for `main-build'.
15:41:44 **** Incremental Build of configuration Debug for project lab5 ****
make pre-build main-build 
a9-linaro-pre-build-step
' '
make: Nothing to be done for `main-build'.
23:15:42 **** Build of project lab6_bsp ****
make -k all 
"Running Make include in ps7_cortexa9_0/libsrc/bram_v4_1/src"
make -C ps7_cortexa9_0/libsrc/bram_v4_1/src -s include  "SHELL=CMD" "COMPILER=arm-none-eabi-gcc" "ARCHIVER=arm-none-eabi-ar" "COMPILER_FLAGS=  -O2 -c" "EXTRA_COMPILER_FLAGS=-mcpu=cortex-a9 -mfpu=vfpv3 -mfloat-abi=hard -nostartfiles"
"Running Make include in ps7_cortexa9_0/libsrc/coresightps_dcc_v1_2/src"
make -C ps7_cortexa9_0/libsrc/coresightps_dcc_v1_2/src -s include  "SHELL=CMD" "COMPILER=arm-none-eabi-gcc" "ARCHIVER=arm-none-eabi-ar" "COMPILER_FLAGS=  -O2 -c" "EXTRA_COMPILER_FLAGS=-mcpu=cortex-a9 -mfpu=vfpv3 -mfloat-abi=hard -nostartfiles"
"Running Make include in ps7_cortexa9_0/libsrc/cpu_cortexa9_v2_2/src"
make -C ps7_cortexa9_0/libsrc/cpu_cortexa9_v2_2/src -s include  "SHELL=CMD" "COMPILER=arm-none-eabi-gcc" "ARCHIVER=arm-none-eabi-ar" "COMPILER_FLAGS=  -O2 -c" "EXTRA_COMPILER_FLAGS=-mcpu=cortex-a9 -mfpu=vfpv3 -mfloat-abi=hard -nostartfiles"
"Running Make include in ps7_cortexa9_0/libsrc/ddrps_v1_0/src"
make -C ps7_cortexa9_0/libsrc/ddrps_v1_0/src -s include  "SHELL=CMD" "COMPILER=arm-none-eabi-gcc" "ARCHIVER=arm-none-eabi-ar" "COMPILER_FLAGS=  -O2 -c" "EXTRA_COMPILER_FLAGS=-mcpu=cortex-a9 -mfpu=vfpv3 -mfloat-abi=hard -nostartfiles"
"Running Make include in ps7_cortexa9_0/libsrc/devcfg_v3_4/src"
make -C ps7_cortexa9_0/libsrc/devcfg_v3_4/src -s include  "SHELL=CMD" "COMPILER=arm-none-eabi-gcc" "ARCHIVER=arm-none-eabi-ar" "COMPILER_FLAGS=  -O2 -c" "EXTRA_COMPILER_FLAGS=-mcpu=cortex-a9 -mfpu=vfpv3 -mfloat-abi=hard -nostartfiles"
"Running Make include in ps7_cortexa9_0/libsrc/dmaps_v2_1/src"
make -C ps7_cortexa9_0/libsrc/dmaps_v2_1/src -s include  "SHELL=CMD" "COMPILER=arm-none-eabi-gcc" "ARCHIVER=arm-none-eabi-ar" "COMPILER_FLAGS=  -O2 -c" "EXTRA_COMPILER_FLAGS=-mcpu=cortex-a9 -mfpu=vfpv3 -mfloat-abi=hard -nostartfiles"
"Running Make include in ps7_cortexa9_0/libsrc/gpio_v4_1/src"
make -C ps7_cortexa9_0/libsrc/gpio_v4_1/src -s include  "SHELL=CMD" "COMPILER=arm-none-eabi-gcc" "ARCHIVER=arm-none-eabi-ar" "COMPILER_FLAGS=  -O2 -c" "EXTRA_COMPILER_FLAGS=-mcpu=cortex-a9 -mfpu=vfpv3 -mfloat-abi=hard -nostartfiles"
"Running Make include in ps7_cortexa9_0/libsrc/led_ip_v1_0/src"
make -C ps7_cortexa9_0/libsrc/led_ip_v1_0/src -s include  "SHELL=CMD" "COMPILER=arm-none-eabi-gcc" "ARCHIVER=arm-none-eabi-ar" "COMPILER_FLAGS=  -O2 -c" "EXTRA_COMPILER_FLAGS=-mcpu=cortex-a9 -mfpu=vfpv3 -mfloat-abi=hard -nostartfiles"
"Running Make include in ps7_cortexa9_0/libsrc/scugic_v3_3/src"
make -C ps7_cortexa9_0/libsrc/scugic_v3_3/src -s include  "SHELL=CMD" "COMPILER=arm-none-eabi-gcc" "ARCHIVER=arm-none-eabi-ar" "COMPILER_FLAGS=  -O2 -c" "EXTRA_COMPILER_FLAGS=-mcpu=cortex-a9 -mfpu=vfpv3 -mfloat-abi=hard -nostartfiles"
"Running Make include in ps7_cortexa9_0/libsrc/scutimer_v2_1/src"
make -C ps7_cortexa9_0/libsrc/scutimer_v2_1/src -s include  "SHELL=CMD" "COMPILER=arm-none-eabi-gcc" "ARCHIVER=arm-none-eabi-ar" "COMPILER_FLAGS=  -O2 -c" "EXTRA_COMPILER_FLAGS=-mcpu=cortex-a9 -mfpu=vfpv3 -mfloat-abi=hard -nostartfiles"
"Running Make include in ps7_cortexa9_0/libsrc/scuwdt_v2_1/src"
make -C ps7_cortexa9_0/libsrc/scuwdt_v2_1/src -s include  "SHELL=CMD" "COMPILER=arm-none-eabi-gcc" "ARCHIVER=arm-none-eabi-ar" "COMPILER_FLAGS=  -O2 -c" "EXTRA_COMPILER_FLAGS=-mcpu=cortex-a9 -mfpu=vfpv3 -mfloat-abi=hard -nostartfiles"
"Running Make include in ps7_cortexa9_0/libsrc/standalone_v5_5/src"
make -C ps7_cortexa9_0/libsrc/standalone_v5_5/src -s include  "SHELL=CMD" "COMPILER=arm-none-eabi-gcc" "ARCHIVER=arm-none-eabi-ar" "COMPILER_FLAGS=  -O2 -c" "EXTRA_COMPILER_FLAGS=-mcpu=cortex-a9 -mfpu=vfpv3 -mfloat-abi=hard -nostartfiles"
"Running Make include in ps7_cortexa9_0/libsrc/uartps_v3_1/src"
make -C ps7_cortexa9_0/libsrc/uartps_v3_1/src -s include  "SHELL=CMD" "COMPILER=arm-none-eabi-gcc" "ARCHIVER=arm-none-eabi-ar" "COMPILER_FLAGS=  -O2 -c" "EXTRA_COMPILER_FLAGS=-mcpu=cortex-a9 -mfpu=vfpv3 -mfloat-abi=hard -nostartfiles"
"Running Make include in ps7_cortexa9_0/libsrc/xadcps_v2_2/src"
make -C ps7_cortexa9_0/libsrc/xadcps_v2_2/src -s include  "SHELL=CMD" "COMPILER=arm-none-eabi-gcc" "ARCHIVER=arm-none-eabi-ar" "COMPILER_FLAGS=  -O2 -c" "EXTRA_COMPILER_FLAGS=-mcpu=cortex-a9 -mfpu=vfpv3 -mfloat-abi=hard -nostartfiles"
"Running Make libs in ps7_cortexa9_0/libsrc/bram_v4_1/src"
make -C ps7_cortexa9_0/libsrc/bram_v4_1/src -s libs  "SHELL=CMD" "COMPILER=arm-none-eabi-gcc" "ARCHIVER=arm-none-eabi-ar" "COMPILER_FLAGS=  -O2 -c" "EXTRA_COMPILER_FLAGS=-mcpu=cortex-a9 -mfpu=vfpv3 -mfloat-abi=hard -nostartfiles"
"Compiling bram"
arm-none-eabi-ar: creating ../../../lib/libxil.a
"Running Make libs in ps7_cortexa9_0/libsrc/coresightps_dcc_v1_2/src"
make -C ps7_cortexa9_0/libsrc/coresightps_dcc_v1_2/src -s libs  "SHELL=CMD" "COMPILER=arm-none-eabi-gcc" "ARCHIVER=arm-none-eabi-ar" "COMPILER_FLAGS=  -O2 -c" "EXTRA_COMPILER_FLAGS=-mcpu=cortex-a9 -mfpu=vfpv3 -mfloat-abi=hard -nostartfiles"
"Compiling coresightps_dcc"
"Running Make libs in ps7_cortexa9_0/libsrc/cpu_cortexa9_v2_2/src"
make -C ps7_cortexa9_0/libsrc/cpu_cortexa9_v2_2/src -s libs  "SHELL=CMD" "COMPILER=arm-none-eabi-gcc" "ARCHIVER=arm-none-eabi-ar" "COMPILER_FLAGS=  -O2 -c" "EXTRA_COMPILER_FLAGS=-mcpu=cortex-a9 -mfpu=vfpv3 -mfloat-abi=hard -nostartfiles"
"Compiling cpu_cortexa9"
"Running Make libs in ps7_cortexa9_0/libsrc/ddrps_v1_0/src"
make -C ps7_cortexa9_0/libsrc/ddrps_v1_0/src -s libs  "SHELL=CMD" "COMPILER=arm-none-eabi-gcc" "ARCHIVER=arm-none-eabi-ar" "COMPILER_FLAGS=  -O2 -c" "EXTRA_COMPILER_FLAGS=-mcpu=cortex-a9 -mfpu=vfpv3 -mfloat-abi=hard -nostartfiles"
"Compiling ddrps"
"Running Make libs in ps7_cortexa9_0/libsrc/devcfg_v3_4/src"
make -C ps7_cortexa9_0/libsrc/devcfg_v3_4/src -s libs  "SHELL=CMD" "COMPILER=arm-none-eabi-gcc" "ARCHIVER=arm-none-eabi-ar" "COMPILER_FLAGS=  -O2 -c" "EXTRA_COMPILER_FLAGS=-mcpu=cortex-a9 -mfpu=vfpv3 -mfloat-abi=hard -nostartfiles"
"Compiling devcfg"
"Running Make libs in ps7_cortexa9_0/libsrc/dmaps_v2_1/src"
make -C ps7_cortexa9_0/libsrc/dmaps_v2_1/src -s libs  "SHELL=CMD" "COMPILER=arm-none-eabi-gcc" "ARCHIVER=arm-none-eabi-ar" "COMPILER_FLAGS=  -O2 -c" "EXTRA_COMPILER_FLAGS=-mcpu=cortex-a9 -mfpu=vfpv3 -mfloat-abi=hard -nostartfiles"
"Compiling dmaps"
"Running Make libs in ps7_cortexa9_0/libsrc/gpio_v4_1/src"
make -C ps7_cortexa9_0/libsrc/gpio_v4_1/src -s libs  "SHELL=CMD" "COMPILER=arm-none-eabi-gcc" "ARCHIVER=arm-none-eabi-ar" "COMPILER_FLAGS=  -O2 -c" "EXTRA_COMPILER_FLAGS=-mcpu=cortex-a9 -mfpu=vfpv3 -mfloat-abi=hard -nostartfiles"
"Compiling gpio"
"Running Make libs in ps7_cortexa9_0/libsrc/led_ip_v1_0/src"
make -C ps7_cortexa9_0/libsrc/led_ip_v1_0/src -s libs  "SHELL=CMD" "COMPILER=arm-none-eabi-gcc" "ARCHIVER=arm-none-eabi-ar" "COMPILER_FLAGS=  -O2 -c" "EXTRA_COMPILER_FLAGS=-mcpu=cortex-a9 -mfpu=vfpv3 -mfloat-abi=hard -nostartfiles"
"Compiling led_ip..."
"Running Make libs in ps7_cortexa9_0/libsrc/scugic_v3_3/src"
make -C ps7_cortexa9_0/libsrc/scugic_v3_3/src -s libs  "SHELL=CMD" "COMPILER=arm-none-eabi-gcc" "ARCHIVER=arm-none-eabi-ar" "COMPILER_FLAGS=  -O2 -c" "EXTRA_COMPILER_FLAGS=-mcpu=cortex-a9 -mfpu=vfpv3 -mfloat-abi=hard -nostartfiles"
"Compiling scugic"
"Running Make libs in ps7_cortexa9_0/libsrc/scutimer_v2_1/src"
make -C ps7_cortexa9_0/libsrc/scutimer_v2_1/src -s libs  "SHELL=CMD" "COMPILER=arm-none-eabi-gcc" "ARCHIVER=arm-none-eabi-ar" "COMPILER_FLAGS=  -O2 -c" "EXTRA_COMPILER_FLAGS=-mcpu=cortex-a9 -mfpu=vfpv3 -mfloat-abi=hard -nostartfiles"
"Compiling scutimer"
"Running Make libs in ps7_cortexa9_0/libsrc/scuwdt_v2_1/src"
make -C ps7_cortexa9_0/libsrc/scuwdt_v2_1/src -s libs  "SHELL=CMD" "COMPILER=arm-none-eabi-gcc" "ARCHIVER=arm-none-eabi-ar" "COMPILER_FLAGS=  -O2 -c" "EXTRA_COMPILER_FLAGS=-mcpu=cortex-a9 -mfpu=vfpv3 -mfloat-abi=hard -nostartfiles"
"Compiling scuwdt"
"Running Make libs in ps7_cortexa9_0/libsrc/standalone_v5_5/src"
make -C ps7_cortexa9_0/libsrc/standalone_v5_5/src -s libs  "SHELL=CMD" "COMPILER=arm-none-eabi-gcc" "ARCHIVER=arm-none-eabi-ar" "COMPILER_FLAGS=  -O2 -c" "EXTRA_COMPILER_FLAGS=-mcpu=cortex-a9 -mfpu=vfpv3 -mfloat-abi=hard -nostartfiles"
"Compiling standalone"
"Running Make libs in ps7_cortexa9_0/libsrc/uartps_v3_1/src"
make -C ps7_cortexa9_0/libsrc/uartps_v3_1/src -s libs  "SHELL=CMD" "COMPILER=arm-none-eabi-gcc" "ARCHIVER=arm-none-eabi-ar" "COMPILER_FLAGS=  -O2 -c" "EXTRA_COMPILER_FLAGS=-mcpu=cortex-a9 -mfpu=vfpv3 -mfloat-abi=hard -nostartfiles"
"Compiling uartps"
"Running Make libs in ps7_cortexa9_0/libsrc/xadcps_v2_2/src"
make -C ps7_cortexa9_0/libsrc/xadcps_v2_2/src -s libs  "SHELL=CMD" "COMPILER=arm-none-eabi-gcc" "ARCHIVER=arm-none-eabi-ar" "COMPILER_FLAGS=  -O2 -c" "EXTRA_COMPILER_FLAGS=-mcpu=cortex-a9 -mfpu=vfpv3 -mfloat-abi=hard -nostartfiles"
"Compiling xadcps"
'Finished building libraries'
23:20:37 **** Build of project Lab6_bsp ****
make -k all 
"Running Make include in ps7_cortexa9_0/libsrc/bram_v4_1/src"
make -C ps7_cortexa9_0/libsrc/bram_v4_1/src -s include  "SHELL=CMD" "COMPILER=arm-none-eabi-gcc" "ARCHIVER=arm-none-eabi-ar" "COMPILER_FLAGS=  -O2 -c" "EXTRA_COMPILER_FLAGS=-mcpu=cortex-a9 -mfpu=vfpv3 -mfloat-abi=hard -nostartfiles"
"Running Make include in ps7_cortexa9_0/libsrc/coresightps_dcc_v1_2/src"
make -C ps7_cortexa9_0/libsrc/coresightps_dcc_v1_2/src -s include  "SHELL=CMD" "COMPILER=arm-none-eabi-gcc" "ARCHIVER=arm-none-eabi-ar" "COMPILER_FLAGS=  -O2 -c" "EXTRA_COMPILER_FLAGS=-mcpu=cortex-a9 -mfpu=vfpv3 -mfloat-abi=hard -nostartfiles"
"Running Make include in ps7_cortexa9_0/libsrc/cpu_cortexa9_v2_2/src"
make -C ps7_cortexa9_0/libsrc/cpu_cortexa9_v2_2/src -s include  "SHELL=CMD" "COMPILER=arm-none-eabi-gcc" "ARCHIVER=arm-none-eabi-ar" "COMPILER_FLAGS=  -O2 -c" "EXTRA_COMPILER_FLAGS=-mcpu=cortex-a9 -mfpu=vfpv3 -mfloat-abi=hard -nostartfiles"
"Running Make include in ps7_cortexa9_0/libsrc/ddrps_v1_0/src"
make -C ps7_cortexa9_0/libsrc/ddrps_v1_0/src -s include  "SHELL=CMD" "COMPILER=arm-none-eabi-gcc" "ARCHIVER=arm-none-eabi-ar" "COMPILER_FLAGS=  -O2 -c" "EXTRA_COMPILER_FLAGS=-mcpu=cortex-a9 -mfpu=vfpv3 -mfloat-abi=hard -nostartfiles"
"Running Make include in ps7_cortexa9_0/libsrc/devcfg_v3_4/src"
make -C ps7_cortexa9_0/libsrc/devcfg_v3_4/src -s include  "SHELL=CMD" "COMPILER=arm-none-eabi-gcc" "ARCHIVER=arm-none-eabi-ar" "COMPILER_FLAGS=  -O2 -c" "EXTRA_COMPILER_FLAGS=-mcpu=cortex-a9 -mfpu=vfpv3 -mfloat-abi=hard -nostartfiles"
"Running Make include in ps7_cortexa9_0/libsrc/dmaps_v2_1/src"
make -C ps7_cortexa9_0/libsrc/dmaps_v2_1/src -s include  "SHELL=CMD" "COMPILER=arm-none-eabi-gcc" "ARCHIVER=arm-none-eabi-ar" "COMPILER_FLAGS=  -O2 -c" "EXTRA_COMPILER_FLAGS=-mcpu=cortex-a9 -mfpu=vfpv3 -mfloat-abi=hard -nostartfiles"
"Running Make include in ps7_cortexa9_0/libsrc/gpio_v4_1/src"
make -C ps7_cortexa9_0/libsrc/gpio_v4_1/src -s include  "SHELL=CMD" "COMPILER=arm-none-eabi-gcc" "ARCHIVER=arm-none-eabi-ar" "COMPILER_FLAGS=  -O2 -c" "EXTRA_COMPILER_FLAGS=-mcpu=cortex-a9 -mfpu=vfpv3 -mfloat-abi=hard -nostartfiles"
"Running Make include in ps7_cortexa9_0/libsrc/led_ip_v1_0/src"
make -C ps7_cortexa9_0/libsrc/led_ip_v1_0/src -s include  "SHELL=CMD" "COMPILER=arm-none-eabi-gcc" "ARCHIVER=arm-none-eabi-ar" "COMPILER_FLAGS=  -O2 -c" "EXTRA_COMPILER_FLAGS=-mcpu=cortex-a9 -mfpu=vfpv3 -mfloat-abi=hard -nostartfiles"
"Running Make include in ps7_cortexa9_0/libsrc/scugic_v3_3/src"
make -C ps7_cortexa9_0/libsrc/scugic_v3_3/src -s include  "SHELL=CMD" "COMPILER=arm-none-eabi-gcc" "ARCHIVER=arm-none-eabi-ar" "COMPILER_FLAGS=  -O2 -c" "EXTRA_COMPILER_FLAGS=-mcpu=cortex-a9 -mfpu=vfpv3 -mfloat-abi=hard -nostartfiles"
"Running Make include in ps7_cortexa9_0/libsrc/scutimer_v2_1/src"
make -C ps7_cortexa9_0/libsrc/scutimer_v2_1/src -s include  "SHELL=CMD" "COMPILER=arm-none-eabi-gcc" "ARCHIVER=arm-none-eabi-ar" "COMPILER_FLAGS=  -O2 -c" "EXTRA_COMPILER_FLAGS=-mcpu=cortex-a9 -mfpu=vfpv3 -mfloat-abi=hard -nostartfiles"
"Running Make include in ps7_cortexa9_0/libsrc/scuwdt_v2_1/src"
make -C ps7_cortexa9_0/libsrc/scuwdt_v2_1/src -s include  "SHELL=CMD" "COMPILER=arm-none-eabi-gcc" "ARCHIVER=arm-none-eabi-ar" "COMPILER_FLAGS=  -O2 -c" "EXTRA_COMPILER_FLAGS=-mcpu=cortex-a9 -mfpu=vfpv3 -mfloat-abi=hard -nostartfiles"
"Running Make include in ps7_cortexa9_0/libsrc/standalone_v5_5/src"
make -C ps7_cortexa9_0/libsrc/standalone_v5_5/src -s include  "SHELL=CMD" "COMPILER=arm-none-eabi-gcc" "ARCHIVER=arm-none-eabi-ar" "COMPILER_FLAGS=  -O2 -c" "EXTRA_COMPILER_FLAGS=-mcpu=cortex-a9 -mfpu=vfpv3 -mfloat-abi=hard -nostartfiles"
"Running Make include in ps7_cortexa9_0/libsrc/uartps_v3_1/src"
make -C ps7_cortexa9_0/libsrc/uartps_v3_1/src -s include  "SHELL=CMD" "COMPILER=arm-none-eabi-gcc" "ARCHIVER=arm-none-eabi-ar" "COMPILER_FLAGS=  -O2 -c" "EXTRA_COMPILER_FLAGS=-mcpu=cortex-a9 -mfpu=vfpv3 -mfloat-abi=hard -nostartfiles"
"Running Make include in ps7_cortexa9_0/libsrc/xadcps_v2_2/src"
make -C ps7_cortexa9_0/libsrc/xadcps_v2_2/src -s include  "SHELL=CMD" "COMPILER=arm-none-eabi-gcc" "ARCHIVER=arm-none-eabi-ar" "COMPILER_FLAGS=  -O2 -c" "EXTRA_COMPILER_FLAGS=-mcpu=cortex-a9 -mfpu=vfpv3 -mfloat-abi=hard -nostartfiles"
"Running Make libs in ps7_cortexa9_0/libsrc/bram_v4_1/src"
make -C ps7_cortexa9_0/libsrc/bram_v4_1/src -s libs  "SHELL=CMD" "COMPILER=arm-none-eabi-gcc" "ARCHIVER=arm-none-eabi-ar" "COMPILER_FLAGS=  -O2 -c" "EXTRA_COMPILER_FLAGS=-mcpu=cortex-a9 -mfpu=vfpv3 -mfloat-abi=hard -nostartfiles"
"Compiling bram"
arm-none-eabi-ar: creating ../../../lib/libxil.a
"Running Make libs in ps7_cortexa9_0/libsrc/coresightps_dcc_v1_2/src"
make -C ps7_cortexa9_0/libsrc/coresightps_dcc_v1_2/src -s libs  "SHELL=CMD" "COMPILER=arm-none-eabi-gcc" "ARCHIVER=arm-none-eabi-ar" "COMPILER_FLAGS=  -O2 -c" "EXTRA_COMPILER_FLAGS=-mcpu=cortex-a9 -mfpu=vfpv3 -mfloat-abi=hard -nostartfiles"
"Compiling coresightps_dcc"
"Running Make libs in ps7_cortexa9_0/libsrc/cpu_cortexa9_v2_2/src"
make -C ps7_cortexa9_0/libsrc/cpu_cortexa9_v2_2/src -s libs  "SHELL=CMD" "COMPILER=arm-none-eabi-gcc" "ARCHIVER=arm-none-eabi-ar" "COMPILER_FLAGS=  -O2 -c" "EXTRA_COMPILER_FLAGS=-mcpu=cortex-a9 -mfpu=vfpv3 -mfloat-abi=hard -nostartfiles"
"Compiling cpu_cortexa9"
"Running Make libs in ps7_cortexa9_0/libsrc/ddrps_v1_0/src"
make -C ps7_cortexa9_0/libsrc/ddrps_v1_0/src -s libs  "SHELL=CMD" "COMPILER=arm-none-eabi-gcc" "ARCHIVER=arm-none-eabi-ar" "COMPILER_FLAGS=  -O2 -c" "EXTRA_COMPILER_FLAGS=-mcpu=cortex-a9 -mfpu=vfpv3 -mfloat-abi=hard -nostartfiles"
"Compiling ddrps"
"Running Make libs in ps7_cortexa9_0/libsrc/devcfg_v3_4/src"
make -C ps7_cortexa9_0/libsrc/devcfg_v3_4/src -s libs  "SHELL=CMD" "COMPILER=arm-none-eabi-gcc" "ARCHIVER=arm-none-eabi-ar" "COMPILER_FLAGS=  -O2 -c" "EXTRA_COMPILER_FLAGS=-mcpu=cortex-a9 -mfpu=vfpv3 -mfloat-abi=hard -nostartfiles"
"Compiling devcfg"
"Running Make libs in ps7_cortexa9_0/libsrc/dmaps_v2_1/src"
make -C ps7_cortexa9_0/libsrc/dmaps_v2_1/src -s libs  "SHELL=CMD" "COMPILER=arm-none-eabi-gcc" "ARCHIVER=arm-none-eabi-ar" "COMPILER_FLAGS=  -O2 -c" "EXTRA_COMPILER_FLAGS=-mcpu=cortex-a9 -mfpu=vfpv3 -mfloat-abi=hard -nostartfiles"
"Compiling dmaps"
"Running Make libs in ps7_cortexa9_0/libsrc/gpio_v4_1/src"
make -C ps7_cortexa9_0/libsrc/gpio_v4_1/src -s libs  "SHELL=CMD" "COMPILER=arm-none-eabi-gcc" "ARCHIVER=arm-none-eabi-ar" "COMPILER_FLAGS=  -O2 -c" "EXTRA_COMPILER_FLAGS=-mcpu=cortex-a9 -mfpu=vfpv3 -mfloat-abi=hard -nostartfiles"
"Compiling gpio"
"Running Make libs in ps7_cortexa9_0/libsrc/led_ip_v1_0/src"
make -C ps7_cortexa9_0/libsrc/led_ip_v1_0/src -s libs  "SHELL=CMD" "COMPILER=arm-none-eabi-gcc" "ARCHIVER=arm-none-eabi-ar" "COMPILER_FLAGS=  -O2 -c" "EXTRA_COMPILER_FLAGS=-mcpu=cortex-a9 -mfpu=vfpv3 -mfloat-abi=hard -nostartfiles"
"Compiling led_ip..."
"Running Make libs in ps7_cortexa9_0/libsrc/scugic_v3_3/src"
make -C ps7_cortexa9_0/libsrc/scugic_v3_3/src -s libs  "SHELL=CMD" "COMPILER=arm-none-eabi-gcc" "ARCHIVER=arm-none-eabi-ar" "COMPILER_FLAGS=  -O2 -c" "EXTRA_COMPILER_FLAGS=-mcpu=cortex-a9 -mfpu=vfpv3 -mfloat-abi=hard -nostartfiles"
"Compiling scugic"
"Running Make libs in ps7_cortexa9_0/libsrc/scutimer_v2_1/src"
make -C ps7_cortexa9_0/libsrc/scutimer_v2_1/src -s libs  "SHELL=CMD" "COMPILER=arm-none-eabi-gcc" "ARCHIVER=arm-none-eabi-ar" "COMPILER_FLAGS=  -O2 -c" "EXTRA_COMPILER_FLAGS=-mcpu=cortex-a9 -mfpu=vfpv3 -mfloat-abi=hard -nostartfiles"
"Compiling scutimer"
"Running Make libs in ps7_cortexa9_0/libsrc/scuwdt_v2_1/src"
make -C ps7_cortexa9_0/libsrc/scuwdt_v2_1/src -s libs  "SHELL=CMD" "COMPILER=arm-none-eabi-gcc" "ARCHIVER=arm-none-eabi-ar" "COMPILER_FLAGS=  -O2 -c" "EXTRA_COMPILER_FLAGS=-mcpu=cortex-a9 -mfpu=vfpv3 -mfloat-abi=hard -nostartfiles"
"Compiling scuwdt"
"Running Make libs in ps7_cortexa9_0/libsrc/standalone_v5_5/src"
make -C ps7_cortexa9_0/libsrc/standalone_v5_5/src -s libs  "SHELL=CMD" "COMPILER=arm-none-eabi-gcc" "ARCHIVER=arm-none-eabi-ar" "COMPILER_FLAGS=  -O2 -c" "EXTRA_COMPILER_FLAGS=-mcpu=cortex-a9 -mfpu=vfpv3 -mfloat-abi=hard -nostartfiles"
"Compiling standalone"
"Running Make libs in ps7_cortexa9_0/libsrc/uartps_v3_1/src"
make -C ps7_cortexa9_0/libsrc/uartps_v3_1/src -s libs  "SHELL=CMD" "COMPILER=arm-none-eabi-gcc" "ARCHIVER=arm-none-eabi-ar" "COMPILER_FLAGS=  -O2 -c" "EXTRA_COMPILER_FLAGS=-mcpu=cortex-a9 -mfpu=vfpv3 -mfloat-abi=hard -nostartfiles"
"Compiling uartps"
"Running Make libs in ps7_cortexa9_0/libsrc/xadcps_v2_2/src"
make -C ps7_cortexa9_0/libsrc/xadcps_v2_2/src -s libs  "SHELL=CMD" "COMPILER=arm-none-eabi-gcc" "ARCHIVER=arm-none-eabi-ar" "COMPILER_FLAGS=  -O2 -c" "EXTRA_COMPILER_FLAGS=-mcpu=cortex-a9 -mfpu=vfpv3 -mfloat-abi=hard -nostartfiles"
"Compiling xadcps"
'Finished building libraries'

**** Build of configuration Debug for project Lab6 ****

Nothing to build for project Lab6
23:21:25 **** Auto Build of configuration Debug for project Lab6 ****
make pre-build main-build 
a9-linaro-pre-build-step
' '
'Building file: ../src/pong.c'
'Invoking: ARM v7 gcc compiler'
arm-none-eabi-gcc -Wall -O0 -g3 -c -fmessage-length=0 -MT"src/pong.o" -mcpu=cortex-a9 -mfpu=vfpv3 -mfloat-abi=hard -I../../Lab6_bsp/ps7_cortexa9_0/include -MMD -MP -MF"src/pong.d" -MT"src/pong.o" -o "src/pong.o" "../src/pong.c"
'Finished building: ../src/pong.c'
' '
'Building target: Lab6.elf'
'Invoking: ARM v7 gcc linker'
arm-none-eabi-gcc -mcpu=cortex-a9 -mfpu=vfpv3 -mfloat-abi=hard -Wl,-build-id=none -specs=Xilinx.spec -Wl,-T -Wl,../src/lscript.ld -L../../Lab6_bsp/ps7_cortexa9_0/lib -o "Lab6.elf"  ./src/pong.o   -Wl,--start-group,-lxil,-lgcc,-lc,--end-group
../../Lab6_bsp/ps7_cortexa9_0/lib\libxil.a(xil-crt0.o): In function `_start':
xil-crt0.S:(.text+0x68): undefined reference to `main'
collect2.exe: error: ld returned 1 exit status
make: *** [Lab6.elf] Error 1
23:21:52 **** Auto Build of configuration Debug for project Lab6 ****
make pre-build main-build 
a9-linaro-pre-build-step
' '
'Building file: ../src/pong.c'
'Invoking: ARM v7 gcc compiler'
arm-none-eabi-gcc -Wall -O0 -g3 -c -fmessage-length=0 -MT"src/pong.o" -mcpu=cortex-a9 -mfpu=vfpv3 -mfloat-abi=hard -I../../Lab6_bsp/ps7_cortexa9_0/include -MMD -MP -MF"src/pong.d" -MT"src/pong.o" -o "src/pong.o" "../src/pong.c"
In file included from ../src/pong.c:20:0:
../src/pong.c: In function 'UpdateLEDs':
../src/pong.c:60:19: error: 'XPAR_LED_IP_0_S_AXI_BASEADDR' undeclared (first use in this function)
  LED_IP_mWriteReg(XPAR_LED_IP_0_S_AXI_BASEADDR, 0, LED_Value);
                   ^
../../Lab6_bsp/ps7_cortexa9_0/include/led_ip.h:35:15: note: in definition of macro 'LED_IP_mWriteReg'
    Xil_Out32((BaseAddress) + (RegOffset), (u32)(Data))
               ^
../src/pong.c:60:19: note: each undeclared identifier is reported only once for each function it appears in
  LED_IP_mWriteReg(XPAR_LED_IP_0_S_AXI_BASEADDR, 0, LED_Value);
                   ^
../../Lab6_bsp/ps7_cortexa9_0/include/led_ip.h:35:15: note: in definition of macro 'LED_IP_mWriteReg'
    Xil_Out32((BaseAddress) + (RegOffset), (u32)(Data))
               ^
../src/pong.c: In function 'RightPlay':
../src/pong.c:145:6: warning: variable 'ball' set but not used [-Wunused-but-set-variable]
 char ball;
      ^
../src/pong.c: In function 'LeftPlay':
../src/pong.c:158:6: warning: variable 'ball' set but not used [-Wunused-but-set-variable]
 char ball;
      ^
make: *** [src/pong.o] Error 1
23:22:19 **** Auto Build of configuration Debug for project Lab6 ****
make pre-build main-build 
a9-linaro-pre-build-step
' '
'Building file: ../src/pong.c'
'Invoking: ARM v7 gcc compiler'
arm-none-eabi-gcc -Wall -O0 -g3 -c -fmessage-length=0 -MT"src/pong.o" -mcpu=cortex-a9 -mfpu=vfpv3 -mfloat-abi=hard -I../../Lab6_bsp/ps7_cortexa9_0/include -MMD -MP -MF"src/pong.d" -MT"src/pong.o" -o "src/pong.o" "../src/pong.c"
In file included from ../src/pong.c:20:0:
../src/pong.c: In function 'UpdateLEDs':
../src/pong.c:59:19: error: 'XPAR_LED_IP_0_S_AXI_BASEADDR' undeclared (first use in this function)
  LED_IP_mWriteReg(XPAR_LED_IP_0_S_AXI_BASEADDR, 0, LED_Value);
                   ^
../../Lab6_bsp/ps7_cortexa9_0/include/led_ip.h:35:15: note: in definition of macro 'LED_IP_mWriteReg'
    Xil_Out32((BaseAddress) + (RegOffset), (u32)(Data))
               ^
../src/pong.c:59:19: note: each undeclared identifier is reported only once for each function it appears in
  LED_IP_mWriteReg(XPAR_LED_IP_0_S_AXI_BASEADDR, 0, LED_Value);
                   ^
../../Lab6_bsp/ps7_cortexa9_0/include/led_ip.h:35:15: note: in definition of macro 'LED_IP_mWriteReg'
    Xil_Out32((BaseAddress) + (RegOffset), (u32)(Data))
               ^
../src/pong.c: In function 'RightPlay':
../src/pong.c:144:6: warning: variable 'ball' set but not used [-Wunused-but-set-variable]
 char ball;
      ^
../src/pong.c: In function 'LeftPlay':
../src/pong.c:157:6: warning: variable 'ball' set but not used [-Wunused-but-set-variable]
 char ball;
      ^
make: *** [src/pong.o] Error 1
18:41:05 **** Auto Build of configuration Debug for project Lab6 ****
make pre-build main-build 
a9-linaro-pre-build-step
' '
'Building file: ../src/pong.c'
'Invoking: ARM v7 gcc compiler'
arm-none-eabi-gcc -Wall -O0 -g3 -c -fmessage-length=0 -MT"src/pong.o" -mcpu=cortex-a9 -mfpu=vfpv3 -mfloat-abi=hard -I../../Lab6_bsp/ps7_cortexa9_0/include -MMD -MP -MF"src/pong.d" -MT"src/pong.o" -o "src/pong.o" "../src/pong.c"
In file included from ../src/pong.c:20:0:
../src/pong.c: In function 'UpdateLEDs':
../src/pong.c:59:19: error: 'XPAR_LED_IP_0_S_AXI_BASEADDR' undeclared (first use in this function)
  LED_IP_mWriteReg(XPAR_LED_IP_0_S_AXI_BASEADDR, 0, LED_Value);
                   ^
../../Lab6_bsp/ps7_cortexa9_0/include/led_ip.h:35:15: note: in definition of macro 'LED_IP_mWriteReg'
    Xil_Out32((BaseAddress) + (RegOffset), (u32)(Data))
               ^
../src/pong.c:59:19: note: each undeclared identifier is reported only once for each function it appears in
  LED_IP_mWriteReg(XPAR_LED_IP_0_S_AXI_BASEADDR, 0, LED_Value);
                   ^
../../Lab6_bsp/ps7_cortexa9_0/include/led_ip.h:35:15: note: in definition of macro 'LED_IP_mWriteReg'
    Xil_Out32((BaseAddress) + (RegOffset), (u32)(Data))
               ^
../src/pong.c: In function 'RightPlay':
../src/pong.c:144:6: warning: variable 'ball' set but not used [-Wunused-but-set-variable]
 char ball;
      ^
../src/pong.c: In function 'LeftPlay':
../src/pong.c:157:6: warning: variable 'ball' set but not used [-Wunused-but-set-variable]
 char ball;
      ^
make: *** [src/pong.o] Error 1
18:47:21 **** Auto Build of configuration Debug for project Lab6 ****
make pre-build main-build 
a9-linaro-pre-build-step
' '
'Building file: ../src/pong.c'
'Invoking: ARM v7 gcc compiler'
arm-none-eabi-gcc -Wall -O0 -g3 -c -fmessage-length=0 -MT"src/pong.o" -mcpu=cortex-a9 -mfpu=vfpv3 -mfloat-abi=hard -I../../Lab6_bsp/ps7_cortexa9_0/include -MMD -MP -MF"src/pong.d" -MT"src/pong.o" -o "src/pong.o" "../src/pong.c"
In file included from ../src/pong.c:20:0:
../src/pong.c: In function 'UpdateLEDs':
../src/pong.c:59:19: error: 'XPAR_LED_IP_0_S_AXI_BASEADDR' undeclared (first use in this function)
  LED_IP_mWriteReg(XPAR_LED_IP_0_S_AXI_BASEADDR, 0, LED_Value);
                   ^
../../Lab6_bsp/ps7_cortexa9_0/include/led_ip.h:35:15: note: in definition of macro 'LED_IP_mWriteReg'
    Xil_Out32((BaseAddress) + (RegOffset), (u32)(Data))
               ^
../src/pong.c:59:19: note: each undeclared identifier is reported only once for each function it appears in
  LED_IP_mWriteReg(XPAR_LED_IP_0_S_AXI_BASEADDR, 0, LED_Value);
                   ^
../../Lab6_bsp/ps7_cortexa9_0/include/led_ip.h:35:15: note: in definition of macro 'LED_IP_mWriteReg'
    Xil_Out32((BaseAddress) + (RegOffset), (u32)(Data))
               ^
../src/pong.c: In function 'RightPlay':
../src/pong.c:144:6: warning: variable 'ball' set but not used [-Wunused-but-set-variable]
 char ball;
      ^
../src/pong.c: In function 'LeftPlay':
../src/pong.c:157:6: warning: variable 'ball' set but not used [-Wunused-but-set-variable]
 char ball;
      ^
make: *** [src/pong.o] Error 1
18:48:56 **** Clean-only build of configuration Debug for project Lab6 ****
make clean 
rm -rf  ./src/pong.o  ./src/pong.d  Lab6.elf.size  Lab6.elf
' '
18:48:56 **** Auto Build of configuration Debug for project Lab6 ****
make pre-build main-build 
a9-linaro-pre-build-step
' '
'Building file: ../src/pong.c'
'Invoking: ARM v7 gcc compiler'
arm-none-eabi-gcc -Wall -O0 -g3 -c -fmessage-length=0 -MT"src/pong.o" -mcpu=cortex-a9 -mfpu=vfpv3 -mfloat-abi=hard -I../../Lab6_bsp/ps7_cortexa9_0/include -MMD -MP -MF"src/pong.d" -MT"src/pong.o" -o "src/pong.o" "../src/pong.c"
In file included from ../src/pong.c:20:0:
../src/pong.c: In function 'UpdateLEDs':
../src/pong.c:59:19: error: 'XPAR_LED_IP_0_S_AXI_BASEADDR' undeclared (first use in this function)
  LED_IP_mWriteReg(XPAR_LED_IP_0_S_AXI_BASEADDR, 0, LED_Value);
                   ^
../../Lab6_bsp/ps7_cortexa9_0/include/led_ip.h:35:15: note: in definition of macro 'LED_IP_mWriteReg'
    Xil_Out32((BaseAddress) + (RegOffset), (u32)(Data))
               ^
../src/pong.c:59:19: note: each undeclared identifier is reported only once for each function it appears in
  LED_IP_mWriteReg(XPAR_LED_IP_0_S_AXI_BASEADDR, 0, LED_Value);
                   ^
../../Lab6_bsp/ps7_cortexa9_0/include/led_ip.h:35:15: note: in definition of macro 'LED_IP_mWriteReg'
    Xil_Out32((BaseAddress) + (RegOffset), (u32)(Data))
               ^
../src/pong.c: In function 'RightPlay':
../src/pong.c:144:6: warning: variable 'ball' set but not used [-Wunused-but-set-variable]
 char ball;
      ^
../src/pong.c: In function 'LeftPlay':
../src/pong.c:157:6: warning: variable 'ball' set but not used [-Wunused-but-set-variable]
 char ball;
      ^
make: *** [src/pong.o] Error 1
18:49:16 **** Auto Build of configuration Debug for project Lab6 ****
make pre-build main-build 
a9-linaro-pre-build-step
' '
'Building file: ../src/pong.c'
'Invoking: ARM v7 gcc compiler'
arm-none-eabi-gcc -Wall -O0 -g3 -c -fmessage-length=0 -MT"src/pong.o" -mcpu=cortex-a9 -mfpu=vfpv3 -mfloat-abi=hard -I../../Lab6_bsp/ps7_cortexa9_0/include -MMD -MP -MF"src/pong.d" -MT"src/pong.o" -o "src/pong.o" "../src/pong.c"
../src/pong.c:26:15: error: redeclaration of enumerator 'LEFT'
 typedef enum {LEFT, RIGHT} Direction;
               ^
In file included from ../src/pong.c:22:0:
../src/pong.h:33:2: note: previous definition of 'LEFT' was here
  LEFT,
  ^
../src/pong.c:26:21: error: redeclaration of enumerator 'RIGHT'
 typedef enum {LEFT, RIGHT} Direction;
                     ^
In file included from ../src/pong.c:22:0:
../src/pong.h:34:2: note: previous definition of 'RIGHT' was here
  RIGHT
  ^
../src/pong.c:27:34: error: redeclaration of enumerator 'HIT'
 typedef enum {LATEHIT, EARLYHIT, HIT, RESET, CONTINUOUS} PlayStatus;
                                  ^
In file included from ../src/pong.c:22:0:
../src/pong.h:45:2: note: previous definition of 'HIT' was here
  HIT
  ^
../src/pong.c:27:39: error: redeclaration of enumerator 'RESET'
 typedef enum {LATEHIT, EARLYHIT, HIT, RESET, CONTINUOUS} PlayStatus;
                                       ^
In file included from ../src/pong.c:22:0:
../src/pong.h:39:2: note: previous definition of 'RESET' was here
  RESET
  ^
In file included from ../src/pong.c:20:0:
../src/pong.c: In function 'UpdateLEDs':
../src/pong.c:60:19: error: 'XPAR_LED_IP_0_S_AXI_BASEADDR' undeclared (first use in this function)
  LED_IP_mWriteReg(XPAR_LED_IP_0_S_AXI_BASEADDR, 0, LED_Value);
                   ^
../../Lab6_bsp/ps7_cortexa9_0/include/led_ip.h:35:15: note: in definition of macro 'LED_IP_mWriteReg'
    Xil_Out32((BaseAddress) + (RegOffset), (u32)(Data))
               ^
../src/pong.c:60:19: note: each undeclared identifier is reported only once for each function it appears in
  LED_IP_mWriteReg(XPAR_LED_IP_0_S_AXI_BASEADDR, 0, LED_Value);
                   ^
../../Lab6_bsp/ps7_cortexa9_0/include/led_ip.h:35:15: note: in definition of macro 'LED_IP_mWriteReg'
    Xil_Out32((BaseAddress) + (RegOffset), (u32)(Data))
               ^
../src/pong.c: In function 'main':
../src/pong.c:74:35: error: 'TimerInstancePtr' undeclared (first use in this function)
  Status = XScuTimer_CfgInitialize(TimerInstancePtr, ConfigPtr, XPAR_PS7_SCUTIMER_0_BASEADDR);
                                   ^
../src/pong.c: In function 'RightPlay':
../src/pong.c:147:6: warning: variable 'ball' set but not used [-Wunused-but-set-variable]
 char ball;
      ^
../src/pong.c: In function 'LeftPlay':
../src/pong.c:159:6: warning: variable 'ball' set but not used [-Wunused-but-set-variable]
 char ball;
      ^
make: *** [src/pong.o] Error 1
18:50:40 **** Auto Build of configuration Debug for project Lab6 ****
make pre-build main-build 
a9-linaro-pre-build-step
' '
'Building file: ../src/pong.c'
'Invoking: ARM v7 gcc compiler'
arm-none-eabi-gcc -Wall -O0 -g3 -c -fmessage-length=0 -MT"src/pong.o" -mcpu=cortex-a9 -mfpu=vfpv3 -mfloat-abi=hard -I../../Lab6_bsp/ps7_cortexa9_0/include -MMD -MP -MF"src/pong.d" -MT"src/pong.o" -o "src/pong.o" "../src/pong.c"
In file included from ../src/pong.c:20:0:
../src/pong.c: In function 'UpdateLEDs':
../src/pong.c:59:19: error: 'XPAR_LED_IP_0_S_AXI_BASEADDR' undeclared (first use in this function)
  LED_IP_mWriteReg(XPAR_LED_IP_0_S_AXI_BASEADDR, 0, LED_Value);
                   ^
../../Lab6_bsp/ps7_cortexa9_0/include/led_ip.h:35:15: note: in definition of macro 'LED_IP_mWriteReg'
    Xil_Out32((BaseAddress) + (RegOffset), (u32)(Data))
               ^
../src/pong.c:59:19: note: each undeclared identifier is reported only once for each function it appears in
  LED_IP_mWriteReg(XPAR_LED_IP_0_S_AXI_BASEADDR, 0, LED_Value);
                   ^
../../Lab6_bsp/ps7_cortexa9_0/include/led_ip.h:35:15: note: in definition of macro 'LED_IP_mWriteReg'
    Xil_Out32((BaseAddress) + (RegOffset), (u32)(Data))
               ^
../src/pong.c: In function 'main':
../src/pong.c:73:35: error: 'TimerInstancePtr' undeclared (first use in this function)
  Status = XScuTimer_CfgInitialize(TimerInstancePtr, ConfigPtr, XPAR_PS7_SCUTIMER_0_BASEADDR);
                                   ^
../src/pong.c: In function 'RightPlay':
../src/pong.c:146:6: warning: variable 'ball' set but not used [-Wunused-but-set-variable]
 char ball;
      ^
../src/pong.c: In function 'LeftPlay':
../src/pong.c:158:6: warning: variable 'ball' set but not used [-Wunused-but-set-variable]
 char ball;
      ^
make: *** [src/pong.o] Error 1
18:50:47 **** Clean-only build of configuration Debug for project Lab6 ****
make clean 
rm -rf  ./src/pong.o  ./src/pong.d  Lab6.elf.size  Lab6.elf
' '
18:50:48 **** Auto Build of configuration Debug for project Lab6 ****
make pre-build main-build 
a9-linaro-pre-build-step
' '
'Building file: ../src/pong.c'
'Invoking: ARM v7 gcc compiler'
arm-none-eabi-gcc -Wall -O0 -g3 -c -fmessage-length=0 -MT"src/pong.o" -mcpu=cortex-a9 -mfpu=vfpv3 -mfloat-abi=hard -I../../Lab6_bsp/ps7_cortexa9_0/include -MMD -MP -MF"src/pong.d" -MT"src/pong.o" -o "src/pong.o" "../src/pong.c"
In file included from ../src/pong.c:20:0:
../src/pong.c: In function 'UpdateLEDs':
../src/pong.c:59:19: error: 'XPAR_LED_IP_0_S_AXI_BASEADDR' undeclared (first use in this function)
  LED_IP_mWriteReg(XPAR_LED_IP_0_S_AXI_BASEADDR, 0, LED_Value);
                   ^
../../Lab6_bsp/ps7_cortexa9_0/include/led_ip.h:35:15: note: in definition of macro 'LED_IP_mWriteReg'
    Xil_Out32((BaseAddress) + (RegOffset), (u32)(Data))
               ^
../src/pong.c:59:19: note: each undeclared identifier is reported only once for each function it appears in
  LED_IP_mWriteReg(XPAR_LED_IP_0_S_AXI_BASEADDR, 0, LED_Value);
                   ^
../../Lab6_bsp/ps7_cortexa9_0/include/led_ip.h:35:15: note: in definition of macro 'LED_IP_mWriteReg'
    Xil_Out32((BaseAddress) + (RegOffset), (u32)(Data))
               ^
../src/pong.c: In function 'main':
../src/pong.c:73:35: error: 'TimerInstancePtr' undeclared (first use in this function)
  Status = XScuTimer_CfgInitialize(TimerInstancePtr, ConfigPtr, XPAR_PS7_SCUTIMER_0_BASEADDR);
                                   ^
../src/pong.c: In function 'RightPlay':
../src/pong.c:146:6: warning: variable 'ball' set but not used [-Wunused-but-set-variable]
 char ball;
      ^
../src/pong.c: In function 'LeftPlay':
../src/pong.c:158:6: warning: variable 'ball' set but not used [-Wunused-but-set-variable]
 char ball;
      ^
make: *** [src/pong.o] Error 1
18:53:04 **** Auto Build of configuration Debug for project Lab6 ****
make pre-build main-build 
a9-linaro-pre-build-step
' '
'Building file: ../src/pong.c'
'Invoking: ARM v7 gcc compiler'
arm-none-eabi-gcc -Wall -O0 -g3 -c -fmessage-length=0 -MT"src/pong.o" -mcpu=cortex-a9 -mfpu=vfpv3 -mfloat-abi=hard -I../../Lab6_bsp/ps7_cortexa9_0/include -MMD -MP -MF"src/pong.d" -MT"src/pong.o" -o "src/pong.o" "../src/pong.c"
../src/pong.c: In function 'main':
../src/pong.c:73:35: error: 'TimerInstancePtr' undeclared (first use in this function)
  Status = XScuTimer_CfgInitialize(TimerInstancePtr, ConfigPtr, XPAR_PS7_SCUTIMER_0_BASEADDR);
                                   ^
../src/pong.c:73:35: note: each undeclared identifier is reported only once for each function it appears in
../src/pong.c: In function 'RightPlay':
../src/pong.c:146:6: warning: variable 'ball' set but not used [-Wunused-but-set-variable]
 char ball;
      ^
../src/pong.c: In function 'LeftPlay':
../src/pong.c:158:6: warning: variable 'ball' set but not used [-Wunused-but-set-variable]
 char ball;
      ^
make: *** [src/pong.o] Error 1
18:53:24 **** Auto Build of configuration Debug for project Lab6 ****
make pre-build main-build 
a9-linaro-pre-build-step
' '
'Building file: ../src/pong.c'
'Invoking: ARM v7 gcc compiler'
arm-none-eabi-gcc -Wall -O0 -g3 -c -fmessage-length=0 -MT"src/pong.o" -mcpu=cortex-a9 -mfpu=vfpv3 -mfloat-abi=hard -I../../Lab6_bsp/ps7_cortexa9_0/include -MMD -MP -MF"src/pong.d" -MT"src/pong.o" -o "src/pong.o" "../src/pong.c"
../src/pong.c: In function 'RightPlay':
../src/pong.c:146:6: warning: variable 'ball' set but not used [-Wunused-but-set-variable]
 char ball;
      ^
../src/pong.c: In function 'LeftPlay':
../src/pong.c:158:6: warning: variable 'ball' set but not used [-Wunused-but-set-variable]
 char ball;
      ^
'Finished building: ../src/pong.c'
' '
'Building target: Lab6.elf'
'Invoking: ARM v7 gcc linker'
arm-none-eabi-gcc -mcpu=cortex-a9 -mfpu=vfpv3 -mfloat-abi=hard -Wl,-build-id=none -specs=Xilinx.spec -Wl,-T -Wl,../src/lscript.ld -L../../Lab6_bsp/ps7_cortexa9_0/lib -o "Lab6.elf"  ./src/pong.o   -Wl,--start-group,-lxil,-lgcc,-lc,--end-group
'Finished building target: Lab6.elf'
' '
'Invoking: ARM v7 Print Size'
arm-none-eabi-size Lab6.elf  |tee "Lab6.elf.size"
   text	   data	    bss	    dec	    hex	filename
  25792	   1192	  22660	  49644	   c1ec	Lab6.elf
'Finished building: Lab6.elf.size'
' '
18:53:59 **** Auto Build of configuration Debug for project Lab6 ****
make pre-build main-build 
a9-linaro-pre-build-step
' '
'Building file: ../src/pong.c'
'Invoking: ARM v7 gcc compiler'
arm-none-eabi-gcc -Wall -O0 -g3 -c -fmessage-length=0 -MT"src/pong.o" -mcpu=cortex-a9 -mfpu=vfpv3 -mfloat-abi=hard -I../../Lab6_bsp/ps7_cortexa9_0/include -MMD -MP -MF"src/pong.d" -MT"src/pong.o" -o "src/pong.o" "../src/pong.c"
../src/pong.c: In function 'RightPlay':
../src/pong.c:146:7: warning: variable 'ball' set but not used [-Wunused-but-set-variable]
  char ball;
       ^
../src/pong.c: In function 'LeftPlay':
../src/pong.c:158:7: warning: variable 'ball' set but not used [-Wunused-but-set-variable]
  char ball;
       ^
'Finished building: ../src/pong.c'
' '
'Building target: Lab6.elf'
'Invoking: ARM v7 gcc linker'
arm-none-eabi-gcc -mcpu=cortex-a9 -mfpu=vfpv3 -mfloat-abi=hard -Wl,-build-id=none -specs=Xilinx.spec -Wl,-T -Wl,../src/lscript.ld -L../../Lab6_bsp/ps7_cortexa9_0/lib -o "Lab6.elf"  ./src/pong.o   -Wl,--start-group,-lxil,-lgcc,-lc,--end-group
'Finished building target: Lab6.elf'
' '
'Invoking: ARM v7 Print Size'
arm-none-eabi-size Lab6.elf  |tee "Lab6.elf.size"
   text	   data	    bss	    dec	    hex	filename
  25792	   1192	  22660	  49644	   c1ec	Lab6.elf
'Finished building: Lab6.elf.size'
' '
18:54:10 **** Auto Build of configuration Debug for project Lab6 ****
make pre-build main-build 
a9-linaro-pre-build-step
' '
'Building file: ../src/pong.c'
'Invoking: ARM v7 gcc compiler'
arm-none-eabi-gcc -Wall -O0 -g3 -c -fmessage-length=0 -MT"src/pong.o" -mcpu=cortex-a9 -mfpu=vfpv3 -mfloat-abi=hard -I../../Lab6_bsp/ps7_cortexa9_0/include -MMD -MP -MF"src/pong.d" -MT"src/pong.o" -o "src/pong.o" "../src/pong.c"
../src/pong.c: In function 'RightPlay':
../src/pong.c:146:7: warning: variable 'ball' set but not used [-Wunused-but-set-variable]
  char ball;
       ^
../src/pong.c: In function 'LeftPlay':
../src/pong.c:158:7: warning: unused variable 'ball' [-Wunused-variable]
  char ball = RIGHT_SERVE;
       ^
'Finished building: ../src/pong.c'
' '
'Building target: Lab6.elf'
'Invoking: ARM v7 gcc linker'
arm-none-eabi-gcc -mcpu=cortex-a9 -mfpu=vfpv3 -mfloat-abi=hard -Wl,-build-id=none -specs=Xilinx.spec -Wl,-T -Wl,../src/lscript.ld -L../../Lab6_bsp/ps7_cortexa9_0/lib -o "Lab6.elf"  ./src/pong.o   -Wl,--start-group,-lxil,-lgcc,-lc,--end-group
'Finished building target: Lab6.elf'
' '
'Invoking: ARM v7 Print Size'
arm-none-eabi-size Lab6.elf  |tee "Lab6.elf.size"
   text	   data	    bss	    dec	    hex	filename
  25792	   1192	  22660	  49644	   c1ec	Lab6.elf
'Finished building: Lab6.elf.size'
' '
18:54:16 **** Auto Build of configuration Debug for project Lab6 ****
make pre-build main-build 
a9-linaro-pre-build-step
' '
'Building file: ../src/pong.c'
'Invoking: ARM v7 gcc compiler'
arm-none-eabi-gcc -Wall -O0 -g3 -c -fmessage-length=0 -MT"src/pong.o" -mcpu=cortex-a9 -mfpu=vfpv3 -mfloat-abi=hard -I../../Lab6_bsp/ps7_cortexa9_0/include -MMD -MP -MF"src/pong.d" -MT"src/pong.o" -o "src/pong.o" "../src/pong.c"
../src/pong.c: In function 'RightPlay':
../src/pong.c:146:7: warning: unused variable 'ball' [-Wunused-variable]
  char ball = LEFT_SERVE;
       ^
../src/pong.c: In function 'LeftPlay':
../src/pong.c:157:7: warning: unused variable 'ball' [-Wunused-variable]
  char ball = RIGHT_SERVE;
       ^
'Finished building: ../src/pong.c'
' '
'Building target: Lab6.elf'
'Invoking: ARM v7 gcc linker'
arm-none-eabi-gcc -mcpu=cortex-a9 -mfpu=vfpv3 -mfloat-abi=hard -Wl,-build-id=none -specs=Xilinx.spec -Wl,-T -Wl,../src/lscript.ld -L../../Lab6_bsp/ps7_cortexa9_0/lib -o "Lab6.elf"  ./src/pong.o   -Wl,--start-group,-lxil,-lgcc,-lc,--end-group
'Finished building target: Lab6.elf'
' '
'Invoking: ARM v7 Print Size'
arm-none-eabi-size Lab6.elf  |tee "Lab6.elf.size"
   text	   data	    bss	    dec	    hex	filename
  25792	   1192	  22660	  49644	   c1ec	Lab6.elf
'Finished building: Lab6.elf.size'
' '
03:27:19 **** Auto Build of configuration Debug for project Lab6 ****
make pre-build main-build 
a9-linaro-pre-build-step
' '
'Building file: ../src/pong.c'
'Invoking: ARM v7 gcc compiler'
arm-none-eabi-gcc -Wall -O0 -g3 -c -fmessage-length=0 -MT"src/pong.o" -mcpu=cortex-a9 -mfpu=vfpv3 -mfloat-abi=hard -I../../Lab6_bsp/ps7_cortexa9_0/include -MMD -MP -MF"src/pong.d" -MT"src/pong.o" -o "src/pong.o" "../src/pong.c"
../src/pong.c: In function 'RightPlay':
../src/pong.c:146:7: warning: unused variable 'ball' [-Wunused-variable]
  char ball = LEFT_SERVE;
       ^
../src/pong.c: In function 'LeftPlay':
../src/pong.c:157:7: warning: unused variable 'ball' [-Wunused-variable]
  char ball = RIGHT_SERVE;
       ^
'Finished building: ../src/pong.c'
' '
'Building target: Lab6.elf'
'Invoking: ARM v7 gcc linker'
arm-none-eabi-gcc -mcpu=cortex-a9 -mfpu=vfpv3 -mfloat-abi=hard -Wl,-build-id=none -specs=Xilinx.spec -Wl,-T -Wl,../src/lscript.ld -L../../Lab6_bsp/ps7_cortexa9_0/lib -o "Lab6.elf"  ./src/pong.o   -Wl,--start-group,-lxil,-lgcc,-lc,--end-group
'Finished building target: Lab6.elf'
' '
'Invoking: ARM v7 Print Size'
arm-none-eabi-size Lab6.elf  |tee "Lab6.elf.size"
   text	   data	    bss	    dec	    hex	filename
  25792	   1192	  22660	  49644	   c1ec	Lab6.elf
'Finished building: Lab6.elf.size'
' '
17:32:46 **** Clean-only build of configuration Debug for project Lab6 ****
make clean 
rm -rf  ./src/pong.o  ./src/pong.d  Lab6.elf.size  Lab6.elf
' '
17:32:47 **** Auto Build of configuration Debug for project Lab6 ****
make pre-build main-build 
a9-linaro-pre-build-step
' '
'Building file: ../src/pong.c'
'Invoking: ARM v7 gcc compiler'
arm-none-eabi-gcc -Wall -O0 -g3 -c -fmessage-length=0 -MT"src/pong.o" -mcpu=cortex-a9 -mfpu=vfpv3 -mfloat-abi=hard -I../../Lab6_bsp/ps7_cortexa9_0/include -MMD -MP -MF"src/pong.d" -MT"src/pong.o" -o "src/pong.o" "../src/pong.c"
../src/pong.c: In function 'RightPlay':
../src/pong.c:146:7: warning: unused variable 'ball' [-Wunused-variable]
  char ball = LEFT_SERVE;
       ^
../src/pong.c: In function 'LeftPlay':
../src/pong.c:157:7: warning: unused variable 'ball' [-Wunused-variable]
  char ball = RIGHT_SERVE;
       ^
'Finished building: ../src/pong.c'
' '
'Building target: Lab6.elf'
'Invoking: ARM v7 gcc linker'
arm-none-eabi-gcc -mcpu=cortex-a9 -mfpu=vfpv3 -mfloat-abi=hard -Wl,-build-id=none -specs=Xilinx.spec -Wl,-T -Wl,../src/lscript.ld -L../../Lab6_bsp/ps7_cortexa9_0/lib -o "Lab6.elf"  ./src/pong.o   -Wl,--start-group,-lxil,-lgcc,-lc,--end-group
'Finished building target: Lab6.elf'
' '
'Invoking: ARM v7 Print Size'
arm-none-eabi-size Lab6.elf  |tee "Lab6.elf.size"
   text	   data	    bss	    dec	    hex	filename
  25856	   1192	  22660	  49708	   c22c	Lab6.elf
'Finished building: Lab6.elf.size'
' '
17:49:14 **** Auto Build of configuration Debug for project Lab6 ****
make pre-build main-build 
a9-linaro-pre-build-step
' '
'Building file: ../src/pong.c'
'Invoking: ARM v7 gcc compiler'
arm-none-eabi-gcc -Wall -O0 -g3 -c -fmessage-length=0 -MT"src/pong.o" -mcpu=cortex-a9 -mfpu=vfpv3 -mfloat-abi=hard -I../../Lab6_bsp/ps7_cortexa9_0/include -MMD -MP -MF"src/pong.d" -MT"src/pong.o" -o "src/pong.o" "../src/pong.c"
../src/pong.c: In function 'RightPlay':
../src/pong.c:146:7: warning: unused variable 'ball' [-Wunused-variable]
  char ball = LEFT_SERVE;
       ^
../src/pong.c: In function 'LeftPlay':
../src/pong.c:160:7: warning: unused variable 'ball' [-Wunused-variable]
  char ball = RIGHT_SERVE;
       ^
'Finished building: ../src/pong.c'
' '
'Building target: Lab6.elf'
'Invoking: ARM v7 gcc linker'
arm-none-eabi-gcc -mcpu=cortex-a9 -mfpu=vfpv3 -mfloat-abi=hard -Wl,-build-id=none -specs=Xilinx.spec -Wl,-T -Wl,../src/lscript.ld -L../../Lab6_bsp/ps7_cortexa9_0/lib -o "Lab6.elf"  ./src/pong.o   -Wl,--start-group,-lxil,-lgcc,-lc,--end-group
'Finished building target: Lab6.elf'
' '
'Invoking: ARM v7 Print Size'
arm-none-eabi-size Lab6.elf  |tee "Lab6.elf.size"
   text	   data	    bss	    dec	    hex	filename
  25920	   1192	  22660	  49772	   c26c	Lab6.elf
'Finished building: Lab6.elf.size'
' '
17:49:39 **** Auto Build of configuration Debug for project Lab6 ****
make pre-build main-build 
a9-linaro-pre-build-step
' '
'Building file: ../src/pong.c'
'Invoking: ARM v7 gcc compiler'
arm-none-eabi-gcc -Wall -O0 -g3 -c -fmessage-length=0 -MT"src/pong.o" -mcpu=cortex-a9 -mfpu=vfpv3 -mfloat-abi=hard -I../../Lab6_bsp/ps7_cortexa9_0/include -MMD -MP -MF"src/pong.d" -MT"src/pong.o" -o "src/pong.o" "../src/pong.c"
../src/pong.c: In function 'RightPlay':
../src/pong.c:146:7: warning: variable 'ball' set but not used [-Wunused-but-set-variable]
  char ball = LEFT_SERVE;
       ^
../src/pong.c: In function 'LeftPlay':
../src/pong.c:160:7: warning: unused variable 'ball' [-Wunused-variable]
  char ball = RIGHT_SERVE;
       ^
'Finished building: ../src/pong.c'
' '
'Building target: Lab6.elf'
'Invoking: ARM v7 gcc linker'
arm-none-eabi-gcc -mcpu=cortex-a9 -mfpu=vfpv3 -mfloat-abi=hard -Wl,-build-id=none -specs=Xilinx.spec -Wl,-T -Wl,../src/lscript.ld -L../../Lab6_bsp/ps7_cortexa9_0/lib -o "Lab6.elf"  ./src/pong.o   -Wl,--start-group,-lxil,-lgcc,-lc,--end-group
'Finished building target: Lab6.elf'
' '
'Invoking: ARM v7 Print Size'
arm-none-eabi-size Lab6.elf  |tee "Lab6.elf.size"
   text	   data	    bss	    dec	    hex	filename
  25920	   1192	  22660	  49772	   c26c	Lab6.elf
'Finished building: Lab6.elf.size'
' '
17:50:08 **** Auto Build of configuration Debug for project Lab6 ****
make pre-build main-build 
a9-linaro-pre-build-step
' '
'Building file: ../src/pong.c'
'Invoking: ARM v7 gcc compiler'
[...]
"Compiling cpu_cortexa9"
"Running Make libs in ps7_cortexa9_0/libsrc/ddrps_v1_0/src"
make -C ps7_cortexa9_0/libsrc/ddrps_v1_0/src -s libs  "SHELL=CMD" "COMPILER=arm-none-eabi-gcc" "ARCHIVER=arm-none-eabi-ar" "COMPILER_FLAGS=  -O2 -c" "EXTRA_COMPILER_FLAGS=-mcpu=cortex-a9 -mfpu=vfpv3 -mfloat-abi=hard -nostartfiles"
"Compiling ddrps"
"Running Make libs in ps7_cortexa9_0/libsrc/devcfg_v3_4/src"
make -C ps7_cortexa9_0/libsrc/devcfg_v3_4/src -s libs  "SHELL=CMD" "COMPILER=arm-none-eabi-gcc" "ARCHIVER=arm-none-eabi-ar" "COMPILER_FLAGS=  -O2 -c" "EXTRA_COMPILER_FLAGS=-mcpu=cortex-a9 -mfpu=vfpv3 -mfloat-abi=hard -nostartfiles"
"Compiling devcfg"
"Running Make libs in ps7_cortexa9_0/libsrc/dmaps_v2_1/src"
make -C ps7_cortexa9_0/libsrc/dmaps_v2_1/src -s libs  "SHELL=CMD" "COMPILER=arm-none-eabi-gcc" "ARCHIVER=arm-none-eabi-ar" "COMPILER_FLAGS=  -O2 -c" "EXTRA_COMPILER_FLAGS=-mcpu=cortex-a9 -mfpu=vfpv3 -mfloat-abi=hard -nostartfiles"
"Compiling dmaps"
"Running Make libs in ps7_cortexa9_0/libsrc/gpiops_v3_1/src"
make -C ps7_cortexa9_0/libsrc/gpiops_v3_1/src -s libs  "SHELL=CMD" "COMPILER=arm-none-eabi-gcc" "ARCHIVER=arm-none-eabi-ar" "COMPILER_FLAGS=  -O2 -c" "EXTRA_COMPILER_FLAGS=-mcpu=cortex-a9 -mfpu=vfpv3 -mfloat-abi=hard -nostartfiles"
"Compiling gpiops"
"Running Make libs in ps7_cortexa9_0/libsrc/iicps_v3_2/src"
make -C ps7_cortexa9_0/libsrc/iicps_v3_2/src -s libs  "SHELL=CMD" "COMPILER=arm-none-eabi-gcc" "ARCHIVER=arm-none-eabi-ar" "COMPILER_FLAGS=  -O2 -c" "EXTRA_COMPILER_FLAGS=-mcpu=cortex-a9 -mfpu=vfpv3 -mfloat-abi=hard -nostartfiles"
"Compiling iicps"
"Running Make libs in ps7_cortexa9_0/libsrc/qspips_v3_3/src"
make -C ps7_cortexa9_0/libsrc/qspips_v3_3/src -s libs  "SHELL=CMD" "COMPILER=arm-none-eabi-gcc" "ARCHIVER=arm-none-eabi-ar" "COMPILER_FLAGS=  -O2 -c" "EXTRA_COMPILER_FLAGS=-mcpu=cortex-a9 -mfpu=vfpv3 -mfloat-abi=hard -nostartfiles"
"Compiling qspips"
"Running Make libs in ps7_cortexa9_0/libsrc/scugic_v3_3/src"
make -C ps7_cortexa9_0/libsrc/scugic_v3_3/src -s libs  "SHELL=CMD" "COMPILER=arm-none-eabi-gcc" "ARCHIVER=arm-none-eabi-ar" "COMPILER_FLAGS=  -O2 -c" "EXTRA_COMPILER_FLAGS=-mcpu=cortex-a9 -mfpu=vfpv3 -mfloat-abi=hard -nostartfiles"
"Compiling scugic"
"Running Make libs in ps7_cortexa9_0/libsrc/scutimer_v2_1/src"
make -C ps7_cortexa9_0/libsrc/scutimer_v2_1/src -s libs  "SHELL=CMD" "COMPILER=arm-none-eabi-gcc" "ARCHIVER=arm-none-eabi-ar" "COMPILER_FLAGS=  -O2 -c" "EXTRA_COMPILER_FLAGS=-mcpu=cortex-a9 -mfpu=vfpv3 -mfloat-abi=hard -nostartfiles"
"Compiling scutimer"
"Running Make libs in ps7_cortexa9_0/libsrc/scuwdt_v2_1/src"
make -C ps7_cortexa9_0/libsrc/scuwdt_v2_1/src -s libs  "SHELL=CMD" "COMPILER=arm-none-eabi-gcc" "ARCHIVER=arm-none-eabi-ar" "COMPILER_FLAGS=  -O2 -c" "EXTRA_COMPILER_FLAGS=-mcpu=cortex-a9 -mfpu=vfpv3 -mfloat-abi=hard -nostartfiles"
"Compiling scuwdt"
"Running Make libs in ps7_cortexa9_0/libsrc/standalone_v5_5/src"
make -C ps7_cortexa9_0/libsrc/standalone_v5_5/src -s libs  "SHELL=CMD" "COMPILER=arm-none-eabi-gcc" "ARCHIVER=arm-none-eabi-ar" "COMPILER_FLAGS=  -O2 -c" "EXTRA_COMPILER_FLAGS=-mcpu=cortex-a9 -mfpu=vfpv3 -mfloat-abi=hard -nostartfiles"
"Compiling standalone"
"Running Make libs in ps7_cortexa9_0/libsrc/uartps_v3_1/src"
make -C ps7_cortexa9_0/libsrc/uartps_v3_1/src -s libs  "SHELL=CMD" "COMPILER=arm-none-eabi-gcc" "ARCHIVER=arm-none-eabi-ar" "COMPILER_FLAGS=  -O2 -c" "EXTRA_COMPILER_FLAGS=-mcpu=cortex-a9 -mfpu=vfpv3 -mfloat-abi=hard -nostartfiles"
"Compiling uartps"
"Running Make libs in ps7_cortexa9_0/libsrc/xadcps_v2_2/src"
make -C ps7_cortexa9_0/libsrc/xadcps_v2_2/src -s libs  "SHELL=CMD" "COMPILER=arm-none-eabi-gcc" "ARCHIVER=arm-none-eabi-ar" "COMPILER_FLAGS=  -O2 -c" "EXTRA_COMPILER_FLAGS=-mcpu=cortex-a9 -mfpu=vfpv3 -mfloat-abi=hard -nostartfiles"
"Compiling xadcps"
'Finished building libraries'

**** Build of configuration Debug for project Lab10p1 ****

Nothing to build for project Lab10p1
02:34:27 **** Auto Build of configuration Debug for project Lab10p1 ****
make pre-build main-build 
a9-linaro-pre-build-step
' '
'Building file: ../src/audio_demo.c'
'Invoking: ARM v7 gcc compiler'
arm-none-eabi-gcc -Wall -O0 -g3 -c -fmessage-length=0 -MT"src/audio_demo.o" -mcpu=cortex-a9 -mfpu=vfpv3 -mfloat-abi=hard -I../../Lab10p1_bsp/ps7_cortexa9_0/include -MMD -MP -MF"src/audio_demo.d" -MT"src/audio_demo.o" -o "src/audio_demo.o" "../src/audio_demo.c"
'Finished building: ../src/audio_demo.c'
' '
'Building file: ../src/display_ctrl.c'
'Invoking: ARM v7 gcc compiler'
arm-none-eabi-gcc -Wall -O0 -g3 -c -fmessage-length=0 -MT"src/display_ctrl.o" -mcpu=cortex-a9 -mfpu=vfpv3 -mfloat-abi=hard -I../../Lab10p1_bsp/ps7_cortexa9_0/include -MMD -MP -MF"src/display_ctrl.d" -MT"src/display_ctrl.o" -o "src/display_ctrl.o" "../src/display_ctrl.c"
'Finished building: ../src/display_ctrl.c'
' '
'Building file: ../src/display_demo.c'
'Invoking: ARM v7 gcc compiler'
arm-none-eabi-gcc -Wall -O0 -g3 -c -fmessage-length=0 -MT"src/display_demo.o" -mcpu=cortex-a9 -mfpu=vfpv3 -mfloat-abi=hard -I../../Lab10p1_bsp/ps7_cortexa9_0/include -MMD -MP -MF"src/display_demo.d" -MT"src/display_demo.o" -o "src/display_demo.o" "../src/display_demo.c"
'Finished building: ../src/display_demo.c'
' '
'Building file: ../src/main.c'
'Invoking: ARM v7 gcc compiler'
arm-none-eabi-gcc -Wall -O0 -g3 -c -fmessage-length=0 -MT"src/main.o" -mcpu=cortex-a9 -mfpu=vfpv3 -mfloat-abi=hard -I../../Lab10p1_bsp/ps7_cortexa9_0/include -MMD -MP -MF"src/main.d" -MT"src/main.o" -o "src/main.o" "../src/main.c"
../src/main.c: In function 'main':
../src/main.c:53:22: error: 'XPAR_AXIVDMA_1_DEVICE_ID' undeclared (first use in this function)
 #define HDMI_VDMA_ID XPAR_AXIVDMA_1_DEVICE_ID
                      ^
../src/main.c:81:35: note: in expansion of macro 'HDMI_VDMA_ID'
  DisplayDemoInitialize(&hdmiCtrl, HDMI_VDMA_ID, SCU_TIMER_ID, HDMI_BASEADDR, DISPLAY_HDMI, hdmiPtr);
                                   ^
../src/main.c:53:22: note: each undeclared identifier is reported only once for each function it appears in
 #define HDMI_VDMA_ID XPAR_AXIVDMA_1_DEVICE_ID
                      ^
../src/main.c:81:35: note: in expansion of macro 'HDMI_VDMA_ID'
  DisplayDemoInitialize(&hdmiCtrl, HDMI_VDMA_ID, SCU_TIMER_ID, HDMI_BASEADDR, DISPLAY_HDMI, hdmiPtr);
                                   ^
../src/main.c:51:23: error: 'XPAR_AXI_DISPCTRL_1_S_AXI_BASEADDR' undeclared (first use in this function)
 #define HDMI_BASEADDR XPAR_AXI_DISPCTRL_1_S_AXI_BASEADDR
                       ^
../src/main.c:81:63: note: in expansion of macro 'HDMI_BASEADDR'
  DisplayDemoInitialize(&hdmiCtrl, HDMI_VDMA_ID, SCU_TIMER_ID, HDMI_BASEADDR, DISPLAY_HDMI, hdmiPtr);
                                                               ^
../src/main.c:55:29: error: 'XPAR_AXI_I2S_ADI_1_S_AXI_BASEADDR' undeclared (first use in this function)
 #define AUDIO_CTRL_BASEADDR XPAR_AXI_I2S_ADI_1_S_AXI_BASEADDR
                             ^
../src/main.c:82:46: note: in expansion of macro 'AUDIO_CTRL_BASEADDR'
  AudioInitialize(SCU_TIMER_ID, AUDIO_IIC_ID, AUDIO_CTRL_BASEADDR);
                                              ^
../src/main.c:58:21: error: 'XPAR_SWS_4BITS_BASEADDR' undeclared (first use in this function)
 #define SW_BASEADDR XPAR_SWS_4BITS_BASEADDR
                     ^
../src/main.c:106:53: note: in expansion of macro 'SW_BASEADDR'
    AudioRunDemo(AUDIO_CTRL_BASEADDR, UART_BASEADDR, SW_BASEADDR, BTN_BASEADDR);
                                                     ^
../src/main.c:59:22: error: 'XPAR_BTNS_4BITS_BASEADDR' undeclared (first use in this function)
 #define BTN_BASEADDR XPAR_BTNS_4BITS_BASEADDR
                      ^
../src/main.c:106:66: note: in expansion of macro 'BTN_BASEADDR'
    AudioRunDemo(AUDIO_CTRL_BASEADDR, UART_BASEADDR, SW_BASEADDR, BTN_BASEADDR);
                                                                  ^
make: *** [src/main.o] Error 1
02:39:19 **** Auto Build of configuration Debug for project Lab10p1 ****
make pre-build main-build 
a9-linaro-pre-build-step
' '
'Building file: ../src/main.c'
'Invoking: ARM v7 gcc compiler'
arm-none-eabi-gcc -Wall -O0 -g3 -c -fmessage-length=0 -MT"src/main.o" -mcpu=cortex-a9 -mfpu=vfpv3 -mfloat-abi=hard -I../../Lab10p1_bsp/ps7_cortexa9_0/include -MMD -MP -MF"src/main.d" -MT"src/main.o" -o "src/main.o" "../src/main.c"
../src/main.c: In function 'main':
../src/main.c:70:7: warning: variable 'hdmiPtr' set but not used [-Wunused-but-set-variable]
  u32 *hdmiPtr[DISPLAY_NUM_FRAMES];
       ^
'Finished building: ../src/main.c'
' '
'Building file: ../src/timer_ps.c'
'Invoking: ARM v7 gcc compiler'
arm-none-eabi-gcc -Wall -O0 -g3 -c -fmessage-length=0 -MT"src/timer_ps.o" -mcpu=cortex-a9 -mfpu=vfpv3 -mfloat-abi=hard -I../../Lab10p1_bsp/ps7_cortexa9_0/include -MMD -MP -MF"src/timer_ps.d" -MT"src/timer_ps.o" -o "src/timer_ps.o" "../src/timer_ps.c"
'Finished building: ../src/timer_ps.c'
' '
'Building target: Lab10p1.elf'
'Invoking: ARM v7 gcc linker'
arm-none-eabi-gcc -mcpu=cortex-a9 -mfpu=vfpv3 -mfloat-abi=hard -Wl,-build-id=none -specs=Xilinx.spec -Wl,-T -Wl,../src/lscript.ld -L../../Lab10p1_bsp/ps7_cortexa9_0/lib -o "Lab10p1.elf"  ./src/audio_demo.o ./src/display_ctrl.o ./src/display_demo.o ./src/main.o ./src/timer_ps.o   -Wl,--start-group,-lxil,-lgcc,-lc,--end-group
'Finished building target: Lab10p1.elf'
' '
'Invoking: ARM v7 Print Size'
arm-none-eabi-size Lab10p1.elf  |tee "Lab10p1.elf.size"
   text	   data	    bss	    dec	    hex	filename
 108464	   2728	51715408	51826600	316cfa8	Lab10p1.elf
'Finished building: Lab10p1.elf.size'
' '
02:46:29 **** Clean-only build of configuration Debug for project Lab10p1 ****
make clean 
rm -rf  ./src/audio_demo.o ./src/display_ctrl.o ./src/display_demo.o ./src/main.o ./src/timer_ps.o  ./src/audio_demo.d ./src/display_ctrl.d ./src/display_demo.d ./src/main.d ./src/timer_ps.d  Lab10p1.elf.size  Lab10p1.elf
' '
02:46:29 **** Incremental Build of configuration Debug for project Lab10p1 ****
make pre-build main-build 
a9-linaro-pre-build-step
' '
'Building file: ../src/audio_demo.c'
'Invoking: ARM v7 gcc compiler'
arm-none-eabi-gcc -Wall -O0 -g3 -c -fmessage-length=0 -MT"src/audio_demo.o" -mcpu=cortex-a9 -mfpu=vfpv3 -mfloat-abi=hard -I../../Lab10p1_bsp/ps7_cortexa9_0/include -MMD -MP -MF"src/audio_demo.d" -MT"src/audio_demo.o" -o "src/audio_demo.o" "../src/audio_demo.c"
'Finished building: ../src/audio_demo.c'
' '
'Building file: ../src/display_ctrl.c'
'Invoking: ARM v7 gcc compiler'
arm-none-eabi-gcc -Wall -O0 -g3 -c -fmessage-length=0 -MT"src/display_ctrl.o" -mcpu=cortex-a9 -mfpu=vfpv3 -mfloat-abi=hard -I../../Lab10p1_bsp/ps7_cortexa9_0/include -MMD -MP -MF"src/display_ctrl.d" -MT"src/display_ctrl.o" -o "src/display_ctrl.o" "../src/display_ctrl.c"
'Finished building: ../src/display_ctrl.c'
' '
'Building file: ../src/display_demo.c'
'Invoking: ARM v7 gcc compiler'
arm-none-eabi-gcc -Wall -O0 -g3 -c -fmessage-length=0 -MT"src/display_demo.o" -mcpu=cortex-a9 -mfpu=vfpv3 -mfloat-abi=hard -I../../Lab10p1_bsp/ps7_cortexa9_0/include -MMD -MP -MF"src/display_demo.d" -MT"src/display_demo.o" -o "src/display_demo.o" "../src/display_demo.c"
'Finished building: ../src/display_demo.c'
' '
'Building file: ../src/main.c'
'Invoking: ARM v7 gcc compiler'
arm-none-eabi-gcc -Wall -O0 -g3 -c -fmessage-length=0 -MT"src/main.o" -mcpu=cortex-a9 -mfpu=vfpv3 -mfloat-abi=hard -I../../Lab10p1_bsp/ps7_cortexa9_0/include -MMD -MP -MF"src/main.d" -MT"src/main.o" -o "src/main.o" "../src/main.c"
../src/main.c: In function 'main':
../src/main.c:70:7: warning: variable 'hdmiPtr' set but not used [-Wunused-but-set-variable]
  u32 *hdmiPtr[DISPLAY_NUM_FRAMES];
       ^
'Finished building: ../src/main.c'
' '
'Building file: ../src/timer_ps.c'
'Invoking: ARM v7 gcc compiler'
arm-none-eabi-gcc -Wall -O0 -g3 -c -fmessage-length=0 -MT"src/timer_ps.o" -mcpu=cortex-a9 -mfpu=vfpv3 -mfloat-abi=hard -I../../Lab10p1_bsp/ps7_cortexa9_0/include -MMD -MP -MF"src/timer_ps.d" -MT"src/timer_ps.o" -o "src/timer_ps.o" "../src/timer_ps.c"
'Finished building: ../src/timer_ps.c'
' '
'Building target: Lab10p1.elf'
'Invoking: ARM v7 gcc linker'
arm-none-eabi-gcc -mcpu=cortex-a9 -mfpu=vfpv3 -mfloat-abi=hard -Wl,-build-id=none -specs=Xilinx.spec -Wl,-T -Wl,../src/lscript.ld -L../../Lab10p1_bsp/ps7_cortexa9_0/lib -o "Lab10p1.elf"  ./src/audio_demo.o ./src/display_ctrl.o ./src/display_demo.o ./src/main.o ./src/timer_ps.o   -Wl,--start-group,-lxil,-lgcc,-lc,--end-group
'Finished building target: Lab10p1.elf'
' '
'Invoking: ARM v7 Print Size'
arm-none-eabi-size Lab10p1.elf  |tee "Lab10p1.elf.size"
   text	   data	    bss	    dec	    hex	filename
 108464	   2728	51715408	51826600	316cfa8	Lab10p1.elf
'Finished building: Lab10p1.elf.size'
' '
02:47:01 **** Incremental Build of configuration Debug for project Lab10p1 ****
make pre-build main-build 
a9-linaro-pre-build-step
' '
make: Nothing to be done for `main-build'.
02:54:41 **** Incremental Build of configuration Debug for project Lab10p1 ****
make pre-build main-build 
a9-linaro-pre-build-step
' '
make: Nothing to be done for `main-build'.
02:57:58 **** Auto Build of configuration Debug for project Lab10p1 ****
make pre-build main-build 
a9-linaro-pre-build-step
' '
'Building file: ../src/display_demo.c'
'Invoking: ARM v7 gcc compiler'
arm-none-eabi-gcc -Wall -O0 -g3 -c -fmessage-length=0 -MT"src/display_demo.o" -mcpu=cortex-a9 -mfpu=vfpv3 -mfloat-abi=hard -I../../Lab10p1_bsp/ps7_cortexa9_0/include -MMD -MP -MF"src/display_demo.d" -MT"src/display_demo.o" -o "src/display_demo.o" "../src/display_demo.c"
'Finished building: ../src/display_demo.c'
' '
'Building target: Lab10p1.elf'
'Invoking: ARM v7 gcc linker'
arm-none-eabi-gcc -mcpu=cortex-a9 -mfpu=vfpv3 -mfloat-abi=hard -Wl,-build-id=none -specs=Xilinx.spec -Wl,-T -Wl,../src/lscript.ld -L../../Lab10p1_bsp/ps7_cortexa9_0/lib -o "Lab10p1.elf"  ./src/audio_demo.o ./src/display_ctrl.o ./src/display_demo.o ./src/main.o ./src/timer_ps.o   -Wl,--start-group,-lxil,-lgcc,-lc,--end-group
'Finished building target: Lab10p1.elf'
' '
'Invoking: ARM v7 Print Size'
arm-none-eabi-size Lab10p1.elf  |tee "Lab10p1.elf.size"
   text	   data	    bss	    dec	    hex	filename
 108488	   2728	51715408	51826624	316cfc0	Lab10p1.elf
'Finished building: Lab10p1.elf.size'
' '
02:58:28 **** Incremental Build of configuration Debug for project Lab10p1 ****
make pre-build main-build 
a9-linaro-pre-build-step
' '
make: Nothing to be done for `main-build'.
03:02:34 **** Auto Build of configuration Debug for project Lab10p1 ****
make pre-build main-build 
a9-linaro-pre-build-step
' '
'Building file: ../src/display_demo.c'
'Invoking: ARM v7 gcc compiler'
arm-none-eabi-gcc -Wall -O0 -g3 -c -fmessage-length=0 -MT"src/display_demo.o" -mcpu=cortex-a9 -mfpu=vfpv3 -mfloat-abi=hard -I../../Lab10p1_bsp/ps7_cortexa9_0/include -MMD -MP -MF"src/display_demo.d" -MT"src/display_demo.o" -o "src/display_demo.o" "../src/display_demo.c"
'Finished building: ../src/display_demo.c'
' '
'Building target: Lab10p1.elf'
'Invoking: ARM v7 gcc linker'
arm-none-eabi-gcc -mcpu=cortex-a9 -mfpu=vfpv3 -mfloat-abi=hard -Wl,-build-id=none -specs=Xilinx.spec -Wl,-T -Wl,../src/lscript.ld -L../../Lab10p1_bsp/ps7_cortexa9_0/lib -o "Lab10p1.elf"  ./src/audio_demo.o ./src/display_ctrl.o ./src/display_demo.o ./src/main.o ./src/timer_ps.o   -Wl,--start-group,-lxil,-lgcc,-lc,--end-group
'Finished building target: Lab10p1.elf'
' '
'Invoking: ARM v7 Print Size'
arm-none-eabi-size Lab10p1.elf  |tee "Lab10p1.elf.size"
   text	   data	    bss	    dec	    hex	filename
 108488	   2728	51715408	51826624	316cfc0	Lab10p1.elf
'Finished building: Lab10p1.elf.size'
' '
03:02:42 **** Incremental Build of configuration Debug for project Lab10p1 ****
make pre-build main-build 
a9-linaro-pre-build-step
' '
make: Nothing to be done for `main-build'.
03:03:56 **** Auto Build of configuration Debug for project Lab10p1 ****
make pre-build main-build 
a9-linaro-pre-build-step
' '
'Building file: ../src/display_demo.c'
'Invoking: ARM v7 gcc compiler'
arm-none-eabi-gcc -Wall -O0 -g3 -c -fmessage-length=0 -MT"src/display_demo.o" -mcpu=cortex-a9 -mfpu=vfpv3 -mfloat-abi=hard -I../../Lab10p1_bsp/ps7_cortexa9_0/include -MMD -MP -MF"src/display_demo.d" -MT"src/display_demo.o" -o "src/display_demo.o" "../src/display_demo.c"
'Finished building: ../src/display_demo.c'
' '
'Building target: Lab10p1.elf'
'Invoking: ARM v7 gcc linker'
arm-none-eabi-gcc -mcpu=cortex-a9 -mfpu=vfpv3 -mfloat-abi=hard -Wl,-build-id=none -specs=Xilinx.spec -Wl,-T -Wl,../src/lscript.ld -L../../Lab10p1_bsp/ps7_cortexa9_0/lib -o "Lab10p1.elf"  ./src/audio_demo.o ./src/display_ctrl.o ./src/display_demo.o ./src/main.o ./src/timer_ps.o   -Wl,--start-group,-lxil,-lgcc,-lc,--end-group
'Finished building target: Lab10p1.elf'
' '
'Invoking: ARM v7 Print Size'
arm-none-eabi-size Lab10p1.elf  |tee "Lab10p1.elf.size"
   text	   data	    bss	    dec	    hex	filename
 108488	   2728	51715408	51826624	316cfc0	Lab10p1.elf
'Finished building: Lab10p1.elf.size'
' '
03:04:26 **** Incremental Build of configuration Debug for project Lab10p1 ****
make pre-build main-build 
a9-linaro-pre-build-step
' '
make: Nothing to be done for `main-build'.
03:05:51 **** Auto Build of configuration Debug for project Lab10p1 ****
make pre-build main-build 
a9-linaro-pre-build-step
' '
'Building file: ../src/display_demo.c'
'Invoking: ARM v7 gcc compiler'
arm-none-eabi-gcc -Wall -O0 -g3 -c -fmessage-length=0 -MT"src/display_demo.o" -mcpu=cortex-a9 -mfpu=vfpv3 -mfloat-abi=hard -I../../Lab10p1_bsp/ps7_cortexa9_0/include -MMD -MP -MF"src/display_demo.d" -MT"src/display_demo.o" -o "src/display_demo.o" "../src/display_demo.c"
'Finished building: ../src/display_demo.c'
' '
'Building target: Lab10p1.elf'
'Invoking: ARM v7 gcc linker'
arm-none-eabi-gcc -mcpu=cortex-a9 -mfpu=vfpv3 -mfloat-abi=hard -Wl,-build-id=none -specs=Xilinx.spec -Wl,-T -Wl,../src/lscript.ld -L../../Lab10p1_bsp/ps7_cortexa9_0/lib -o "Lab10p1.elf"  ./src/audio_demo.o ./src/display_ctrl.o ./src/display_demo.o ./src/main.o ./src/timer_ps.o   -Wl,--start-group,-lxil,-lgcc,-lc,--end-group
'Finished building target: Lab10p1.elf'
' '
'Invoking: ARM v7 Print Size'
arm-none-eabi-size Lab10p1.elf  |tee "Lab10p1.elf.size"
   text	   data	    bss	    dec	    hex	filename
 108512	   2728	51715408	51826648	316cfd8	Lab10p1.elf
'Finished building: Lab10p1.elf.size'
' '
03:05:56 **** Incremental Build of configuration Debug for project Lab10p1 ****
make pre-build main-build 
a9-linaro-pre-build-step
' '
make: Nothing to be done for `main-build'.
03:07:59 **** Auto Build of configuration Debug for project Lab10p1 ****
make pre-build main-build 
a9-linaro-pre-build-step
' '
'Building file: ../src/display_demo.c'
'Invoking: ARM v7 gcc compiler'
arm-none-eabi-gcc -Wall -O0 -g3 -c -fmessage-length=0 -MT"src/display_demo.o" -mcpu=cortex-a9 -mfpu=vfpv3 -mfloat-abi=hard -I../../Lab10p1_bsp/ps7_cortexa9_0/include -MMD -MP -MF"src/display_demo.d" -MT"src/display_demo.o" -o "src/display_demo.o" "../src/display_demo.c"
'Finished building: ../src/display_demo.c'
' '
'Building target: Lab10p1.elf'
'Invoking: ARM v7 gcc linker'
arm-none-eabi-gcc -mcpu=cortex-a9 -mfpu=vfpv3 -mfloat-abi=hard -Wl,-build-id=none -specs=Xilinx.spec -Wl,-T -Wl,../src/lscript.ld -L../../Lab10p1_bsp/ps7_cortexa9_0/lib -o "Lab10p1.elf"  ./src/audio_demo.o ./src/display_ctrl.o ./src/display_demo.o ./src/main.o ./src/timer_ps.o   -Wl,--start-group,-lxil,-lgcc,-lc,--end-group
'Finished building target: Lab10p1.elf'
' '
'Invoking: ARM v7 Print Size'
arm-none-eabi-size Lab10p1.elf  |tee "Lab10p1.elf.size"
   text	   data	    bss	    dec	    hex	filename
 108592	   2728	51715408	51826728	316d028	Lab10p1.elf
'Finished building: Lab10p1.elf.size'
' '
03:08:03 **** Incremental Build of configuration Debug for project Lab10p1 ****
make pre-build main-build 
a9-linaro-pre-build-step
' '
make: Nothing to be done for `main-build'.
