02:27:55 **** Auto Build of configuration Debug for project Lab6 ****
make pre-build main-build 
a9-linaro-pre-build-step
' '
'Building file: ../src/pongOMS.c'
'Invoking: ARM v7 gcc compiler'
arm-none-eabi-gcc -Wall -O0 -g3 -c -fmessage-length=0 -MT"src/pongOMS.o" -mcpu=cortex-a9 -mfpu=vfpv3 -mfloat-abi=hard -I../../Lab6_bsp/ps7_cortexa9_0/include -MMD -MP -MF"src/pongOMS.d" -MT"src/pongOMS.o" -o "src/pongOMS.o" "../src/pongOMS.c"
'Finished building: ../src/pongOMS.c'
' '
'Building target: Lab6.elf'
'Invoking: ARM v7 gcc linker'
arm-none-eabi-gcc -mcpu=cortex-a9 -mfpu=vfpv3 -mfloat-abi=hard -Wl,-build-id=none -specs=Xilinx.spec -Wl,-T -Wl,../src/lscript.ld -L../../Lab6_bsp/ps7_cortexa9_0/lib -o "Lab6.elf"  ./src/pongOMS.o   -Wl,--start-group,-lxil,-lgcc,-lc,--end-group
'Finished building target: Lab6.elf'
' '
'Invoking: ARM v7 Print Size'
arm-none-eabi-size Lab6.elf  |tee "Lab6.elf.size"
   text	   data	    bss	    dec	    hex	filename
  26624	   1192	  22660	  50476	   c52c	Lab6.elf
'Finished building: Lab6.elf.size'
' '

02:27:58 Build Finished (took 2s.901ms)

